
===========================================================================
report_checks -path_delay max (Setup)
============================================================================
======================= Typical Corner ===================================

Startpoint: B[0] (input port clocked by __VIRTUAL_CLK__)
Endpoint: out[6] (output port clocked by __VIRTUAL_CLK__)
Path Group: __VIRTUAL_CLK__
Path Type: max

Fanout     Cap    Slew   Delay    Time   Description
-----------------------------------------------------------------------------
                  0.00    0.00    0.00   clock __VIRTUAL_CLK__ (rise edge)
                          0.00    0.00   clock network delay (ideal)
                          2.00    2.00 v input external delay
     1    0.00    0.01    0.00    2.00 v B[0] (in)
                                         B[0] (net)
                  0.01    0.00    2.00 v input9/A (sky130_fd_sc_hd__dlymetal6s2s_1)
     4    0.02    0.09    0.18    2.18 v input9/X (sky130_fd_sc_hd__dlymetal6s2s_1)
                                         net9 (net)
                  0.09    0.00    2.18 v _234_/A (sky130_fd_sc_hd__or2_2)
     4    0.02    0.10    0.39    2.58 v _234_/X (sky130_fd_sc_hd__or2_2)
                                         _162_ (net)
                  0.10    0.00    2.58 v _236_/A3 (sky130_fd_sc_hd__o31a_2)
     3    0.02    0.09    0.37    2.95 v _236_/X (sky130_fd_sc_hd__o31a_2)
                                         _164_ (net)
                  0.09    0.00    2.95 v _268_/A3 (sky130_fd_sc_hd__o31a_2)
     2    0.02    0.08    0.36    3.31 v _268_/X (sky130_fd_sc_hd__o31a_2)
                                         _025_ (net)
                  0.08    0.00    3.31 v _269_/B (sky130_fd_sc_hd__xnor2_2)
     2    0.01    0.07    0.17    3.48 v _269_/Y (sky130_fd_sc_hd__xnor2_2)
                                         _026_ (net)
                  0.07    0.00    3.48 v _270_/B (sky130_fd_sc_hd__and2_1)
     3    0.02    0.09    0.23    3.71 v _270_/X (sky130_fd_sc_hd__and2_1)
                                         _027_ (net)
                  0.09    0.00    3.71 v _272_/A (sky130_fd_sc_hd__or2_2)
     2    0.02    0.09    0.38    4.09 v _272_/X (sky130_fd_sc_hd__or2_2)
                                         _029_ (net)
                  0.09    0.00    4.09 v _276_/B1 (sky130_fd_sc_hd__a311oi_4)
     3    0.02    0.32    0.38    4.46 ^ _276_/Y (sky130_fd_sc_hd__a311oi_4)
                                         _033_ (net)
                  0.32    0.00    4.46 ^ _277_/A_N (sky130_fd_sc_hd__and2b_1)
     1    0.01    0.05    0.25    4.71 v _277_/X (sky130_fd_sc_hd__and2b_1)
                                         _034_ (net)
                  0.05    0.00    4.71 v _291_/A2 (sky130_fd_sc_hd__a21o_1)
     1    0.01    0.05    0.20    4.92 v _291_/X (sky130_fd_sc_hd__a21o_1)
                                         net26 (net)
                  0.05    0.00    4.92 v output26/A (sky130_fd_sc_hd__buf_2)
     1    0.03    0.09    0.19    5.11 v output26/X (sky130_fd_sc_hd__buf_2)
                                         out[6] (net)
                  0.09    0.00    5.11 v out[6] (out)
                                  5.11   data arrival time

                  0.00   10.00   10.00   clock __VIRTUAL_CLK__ (rise edge)
                          0.00   10.00   clock network delay (ideal)
                         -0.25    9.75   clock uncertainty
                          0.00    9.75   clock reconvergence pessimism
                         -2.00    7.75   output external delay
                                  7.75   data required time
-----------------------------------------------------------------------------
                                  7.75   data required time
                                 -5.11   data arrival time
-----------------------------------------------------------------------------
                                  2.64   slack (MET)


Startpoint: B[0] (input port clocked by __VIRTUAL_CLK__)
Endpoint: out[7] (output port clocked by __VIRTUAL_CLK__)
Path Group: __VIRTUAL_CLK__
Path Type: max

Fanout     Cap    Slew   Delay    Time   Description
-----------------------------------------------------------------------------
                  0.00    0.00    0.00   clock __VIRTUAL_CLK__ (rise edge)
                          0.00    0.00   clock network delay (ideal)
                          2.00    2.00 v input external delay
     1    0.00    0.01    0.00    2.00 v B[0] (in)
                                         B[0] (net)
                  0.01    0.00    2.00 v input9/A (sky130_fd_sc_hd__dlymetal6s2s_1)
     4    0.02    0.09    0.18    2.18 v input9/X (sky130_fd_sc_hd__dlymetal6s2s_1)
                                         net9 (net)
                  0.09    0.00    2.18 v _234_/A (sky130_fd_sc_hd__or2_2)
     4    0.02    0.10    0.39    2.58 v _234_/X (sky130_fd_sc_hd__or2_2)
                                         _162_ (net)
                  0.10    0.00    2.58 v _236_/A3 (sky130_fd_sc_hd__o31a_2)
     3    0.02    0.09    0.37    2.95 v _236_/X (sky130_fd_sc_hd__o31a_2)
                                         _164_ (net)
                  0.09    0.00    2.95 v _268_/A3 (sky130_fd_sc_hd__o31a_2)
     2    0.02    0.08    0.36    3.31 v _268_/X (sky130_fd_sc_hd__o31a_2)
                                         _025_ (net)
                  0.08    0.00    3.31 v _269_/B (sky130_fd_sc_hd__xnor2_2)
     2    0.01    0.07    0.17    3.48 v _269_/Y (sky130_fd_sc_hd__xnor2_2)
                                         _026_ (net)
                  0.07    0.00    3.48 v _270_/B (sky130_fd_sc_hd__and2_1)
     3    0.02    0.09    0.23    3.71 v _270_/X (sky130_fd_sc_hd__and2_1)
                                         _027_ (net)
                  0.09    0.00    3.71 v _272_/A (sky130_fd_sc_hd__or2_2)
     2    0.02    0.09    0.38    4.09 v _272_/X (sky130_fd_sc_hd__or2_2)
                                         _029_ (net)
                  0.09    0.00    4.09 v _276_/B1 (sky130_fd_sc_hd__a311oi_4)
     3    0.02    0.32    0.38    4.46 ^ _276_/Y (sky130_fd_sc_hd__a311oi_4)
                                         _033_ (net)
                  0.32    0.00    4.46 ^ _296_/B (sky130_fd_sc_hd__or3_1)
     1    0.01    0.07    0.19    4.66 ^ _296_/X (sky130_fd_sc_hd__or3_1)
                                         _052_ (net)
                  0.07    0.00    4.66 ^ _302_/A3 (sky130_fd_sc_hd__a31o_1)
     1    0.01    0.08    0.18    4.83 ^ _302_/X (sky130_fd_sc_hd__a31o_1)
                                         net27 (net)
                  0.08    0.00    4.83 ^ output27/A (sky130_fd_sc_hd__buf_2)
     1    0.03    0.17    0.22    5.05 ^ output27/X (sky130_fd_sc_hd__buf_2)
                                         out[7] (net)
                  0.17    0.00    5.05 ^ out[7] (out)
                                  5.05   data arrival time

                  0.00   10.00   10.00   clock __VIRTUAL_CLK__ (rise edge)
                          0.00   10.00   clock network delay (ideal)
                         -0.25    9.75   clock uncertainty
                          0.00    9.75   clock reconvergence pessimism
                         -2.00    7.75   output external delay
                                  7.75   data required time
-----------------------------------------------------------------------------
                                  7.75   data required time
                                 -5.05   data arrival time
-----------------------------------------------------------------------------
                                  2.70   slack (MET)


Startpoint: B[1] (input port clocked by __VIRTUAL_CLK__)
Endpoint: out[5] (output port clocked by __VIRTUAL_CLK__)
Path Group: __VIRTUAL_CLK__
Path Type: max

Fanout     Cap    Slew   Delay    Time   Description
-----------------------------------------------------------------------------
                  0.00    0.00    0.00   clock __VIRTUAL_CLK__ (rise edge)
                          0.00    0.00   clock network delay (ideal)
                          2.00    2.00 ^ input external delay
     1    0.00    0.02    0.01    2.01 ^ B[1] (in)
                                         B[1] (net)
                  0.02    0.00    2.01 ^ input10/A (sky130_fd_sc_hd__clkbuf_2)
     5    0.02    0.12    0.16    2.17 ^ input10/X (sky130_fd_sc_hd__clkbuf_2)
                                         net10 (net)
                  0.12    0.00    2.17 ^ _175_/A (sky130_fd_sc_hd__clkbuf_4)
    10    0.05    0.15    0.25    2.42 ^ _175_/X (sky130_fd_sc_hd__clkbuf_4)
                                         _103_ (net)
                  0.15    0.00    2.42 ^ _185_/A1 (sky130_fd_sc_hd__a22oi_4)
     3    0.02    0.09    0.13    2.55 v _185_/Y (sky130_fd_sc_hd__a22oi_4)
                                         _113_ (net)
                  0.09    0.00    2.56 v _192_/C (sky130_fd_sc_hd__or3_2)
     2    0.01    0.11    0.50    3.06 v _192_/X (sky130_fd_sc_hd__or3_2)
                                         _120_ (net)
                  0.11    0.00    3.06 v _197_/A1 (sky130_fd_sc_hd__a21o_1)
     2    0.01    0.08    0.24    3.29 v _197_/X (sky130_fd_sc_hd__a21o_1)
                                         _125_ (net)
                  0.08    0.00    3.29 v _199_/A3 (sky130_fd_sc_hd__a31o_2)
     2    0.02    0.08    0.33    3.62 v _199_/X (sky130_fd_sc_hd__a31o_2)
                                         _127_ (net)
                  0.08    0.00    3.62 v _201_/B (sky130_fd_sc_hd__xor2_4)
     2    0.02    0.20    0.22    3.84 ^ _201_/X (sky130_fd_sc_hd__xor2_4)
                                         _129_ (net)
                  0.20    0.00    3.84 ^ _210_/A (sky130_fd_sc_hd__nand3_4)
     3    0.02    0.11    0.14    3.99 v _210_/Y (sky130_fd_sc_hd__nand3_4)
                                         _138_ (net)
                  0.11    0.00    3.99 v _219_/A2 (sky130_fd_sc_hd__a21oi_2)
     1    0.01    0.17    0.23    4.22 ^ _219_/Y (sky130_fd_sc_hd__a21oi_2)
                                         _147_ (net)
                  0.17    0.00    4.22 ^ _221_/A (sky130_fd_sc_hd__nor2_1)
     1    0.01    0.06    0.10    4.32 v _221_/Y (sky130_fd_sc_hd__nor2_1)
                                         _149_ (net)
                  0.06    0.00    4.32 v _267_/A2 (sky130_fd_sc_hd__a211o_1)
     1    0.01    0.08    0.35    4.66 v _267_/X (sky130_fd_sc_hd__a211o_1)
                                         net25 (net)
                  0.08    0.00    4.66 v output25/A (sky130_fd_sc_hd__buf_2)
     1    0.03    0.09    0.20    4.87 v output25/X (sky130_fd_sc_hd__buf_2)
                                         out[5] (net)
                  0.09    0.00    4.87 v out[5] (out)
                                  4.87   data arrival time

                  0.00   10.00   10.00   clock __VIRTUAL_CLK__ (rise edge)
                          0.00   10.00   clock network delay (ideal)
                         -0.25    9.75   clock uncertainty
                          0.00    9.75   clock reconvergence pessimism
                         -2.00    7.75   output external delay
                                  7.75   data required time
-----------------------------------------------------------------------------
                                  7.75   data required time
                                 -4.87   data arrival time
-----------------------------------------------------------------------------
                                  2.88   slack (MET)


Startpoint: B[1] (input port clocked by __VIRTUAL_CLK__)
Endpoint: out[4] (output port clocked by __VIRTUAL_CLK__)
Path Group: __VIRTUAL_CLK__
Path Type: max

Fanout     Cap    Slew   Delay    Time   Description
-----------------------------------------------------------------------------
                  0.00    0.00    0.00   clock __VIRTUAL_CLK__ (rise edge)
                          0.00    0.00   clock network delay (ideal)
                          2.00    2.00 ^ input external delay
     1    0.00    0.02    0.01    2.01 ^ B[1] (in)
                                         B[1] (net)
                  0.02    0.00    2.01 ^ input10/A (sky130_fd_sc_hd__clkbuf_2)
     5    0.02    0.12    0.16    2.17 ^ input10/X (sky130_fd_sc_hd__clkbuf_2)
                                         net10 (net)
                  0.12    0.00    2.17 ^ _175_/A (sky130_fd_sc_hd__clkbuf_4)
    10    0.05    0.15    0.25    2.42 ^ _175_/X (sky130_fd_sc_hd__clkbuf_4)
                                         _103_ (net)
                  0.15    0.00    2.42 ^ _185_/A1 (sky130_fd_sc_hd__a22oi_4)
     3    0.02    0.09    0.13    2.55 v _185_/Y (sky130_fd_sc_hd__a22oi_4)
                                         _113_ (net)
                  0.09    0.00    2.56 v _192_/C (sky130_fd_sc_hd__or3_2)
     2    0.01    0.11    0.50    3.06 v _192_/X (sky130_fd_sc_hd__or3_2)
                                         _120_ (net)
                  0.11    0.00    3.06 v _197_/A1 (sky130_fd_sc_hd__a21o_1)
     2    0.01    0.08    0.24    3.29 v _197_/X (sky130_fd_sc_hd__a21o_1)
                                         _125_ (net)
                  0.08    0.00    3.29 v _199_/A3 (sky130_fd_sc_hd__a31o_2)
     2    0.02    0.08    0.33    3.62 v _199_/X (sky130_fd_sc_hd__a31o_2)
                                         _127_ (net)
                  0.08    0.00    3.62 v _201_/B (sky130_fd_sc_hd__xor2_4)
     2    0.02    0.09    0.19    3.81 v _201_/X (sky130_fd_sc_hd__xor2_4)
                                         _129_ (net)
                  0.09    0.00    3.81 v _342_/B1 (sky130_fd_sc_hd__a21o_1)
     1    0.00    0.04    0.18    3.99 v _342_/X (sky130_fd_sc_hd__a21o_1)
                                         _093_ (net)
                  0.04    0.00    3.99 v _345_/A3 (sky130_fd_sc_hd__a31o_1)
     1    0.00    0.04    0.22    4.21 v _345_/X (sky130_fd_sc_hd__a31o_1)
                                         _096_ (net)
                  0.04    0.00    4.21 v _346_/C (sky130_fd_sc_hd__or3_1)
     1    0.00    0.07    0.33    4.54 v _346_/X (sky130_fd_sc_hd__or3_1)
                                         _097_ (net)
                  0.07    0.00    4.54 v _347_/A (sky130_fd_sc_hd__buf_1)
     1    0.01    0.05    0.13    4.67 v _347_/X (sky130_fd_sc_hd__buf_1)
                                         net24 (net)
                  0.05    0.00    4.67 v output24/A (sky130_fd_sc_hd__buf_2)
     1    0.03    0.09    0.19    4.86 v output24/X (sky130_fd_sc_hd__buf_2)
                                         out[4] (net)
                  0.09    0.00    4.86 v out[4] (out)
                                  4.86   data arrival time

                  0.00   10.00   10.00   clock __VIRTUAL_CLK__ (rise edge)
                          0.00   10.00   clock network delay (ideal)
                         -0.25    9.75   clock uncertainty
                          0.00    9.75   clock reconvergence pessimism
                         -2.00    7.75   output external delay
                                  7.75   data required time
-----------------------------------------------------------------------------
                                  7.75   data required time
                                 -4.86   data arrival time
-----------------------------------------------------------------------------
                                  2.89   slack (MET)


Startpoint: opcode[0] (input port clocked by __VIRTUAL_CLK__)
Endpoint: out[1] (output port clocked by __VIRTUAL_CLK__)
Path Group: __VIRTUAL_CLK__
Path Type: max

Fanout     Cap    Slew   Delay    Time   Description
-----------------------------------------------------------------------------
                  0.00    0.00    0.00   clock __VIRTUAL_CLK__ (rise edge)
                          0.00    0.00   clock network delay (ideal)
                          2.00    2.00 v input external delay
     1    0.00    0.01    0.00    2.00 v opcode[0] (in)
                                         opcode[0] (net)
                  0.01    0.00    2.00 v input17/A (sky130_fd_sc_hd__buf_2)
     5    0.03    0.07    0.16    2.16 v input17/X (sky130_fd_sc_hd__buf_2)
                                         net17 (net)
                  0.07    0.00    2.16 v _235_/A_N (sky130_fd_sc_hd__nand3b_4)
     9    0.04    0.14    0.25    2.41 v _235_/Y (sky130_fd_sc_hd__nand3b_4)
                                         _163_ (net)
                  0.14    0.00    2.41 v _242_/C (sky130_fd_sc_hd__and3_1)
     2    0.01    0.08    0.27    2.68 v _242_/X (sky130_fd_sc_hd__and3_1)
                                         _000_ (net)
                  0.08    0.00    2.68 v _245_/B (sky130_fd_sc_hd__or3_1)
     2    0.01    0.10    0.42    3.11 v _245_/X (sky130_fd_sc_hd__or3_1)
                                         _003_ (net)
                  0.10    0.00    3.11 v _314_/B (sky130_fd_sc_hd__and2b_1)
     1    0.01    0.07    0.23    3.33 v _314_/X (sky130_fd_sc_hd__and2b_1)
                                         _068_ (net)
                  0.07    0.00    3.34 v _315_/A (sky130_fd_sc_hd__nor2_1)
     1    0.01    0.19    0.20    3.54 ^ _315_/Y (sky130_fd_sc_hd__nor2_1)
                                         _069_ (net)
                  0.19    0.00    3.54 ^ _316_/B (sky130_fd_sc_hd__or3b_1)
     1    0.01    0.07    0.17    3.71 ^ _316_/X (sky130_fd_sc_hd__or3b_1)
                                         _070_ (net)
                  0.07    0.00    3.71 ^ _317_/D_N (sky130_fd_sc_hd__or4b_2)
     1    0.01    0.13    0.67    4.38 v _317_/X (sky130_fd_sc_hd__or4b_2)
                                         _071_ (net)
                  0.13    0.00    4.38 v _318_/A (sky130_fd_sc_hd__buf_1)
     1    0.01    0.05    0.15    4.53 v _318_/X (sky130_fd_sc_hd__buf_1)
                                         net21 (net)
                  0.05    0.00    4.53 v output21/A (sky130_fd_sc_hd__buf_2)
     1    0.03    0.09    0.19    4.73 v output21/X (sky130_fd_sc_hd__buf_2)
                                         out[1] (net)
                  0.09    0.00    4.73 v out[1] (out)
                                  4.73   data arrival time

                  0.00   10.00   10.00   clock __VIRTUAL_CLK__ (rise edge)
                          0.00   10.00   clock network delay (ideal)
                         -0.25    9.75   clock uncertainty
                          0.00    9.75   clock reconvergence pessimism
                         -2.00    7.75   output external delay
                                  7.75   data required time
-----------------------------------------------------------------------------
                                  7.75   data required time
                                 -4.73   data arrival time
-----------------------------------------------------------------------------
                                  3.02   slack (MET)


Startpoint: opcode[0] (input port clocked by __VIRTUAL_CLK__)
Endpoint: out[3] (output port clocked by __VIRTUAL_CLK__)
Path Group: __VIRTUAL_CLK__
Path Type: max

Fanout     Cap    Slew   Delay    Time   Description
-----------------------------------------------------------------------------
                  0.00    0.00    0.00   clock __VIRTUAL_CLK__ (rise edge)
                          0.00    0.00   clock network delay (ideal)
                          2.00    2.00 v input external delay
     1    0.00    0.01    0.00    2.00 v opcode[0] (in)
                                         opcode[0] (net)
                  0.01    0.00    2.00 v input17/A (sky130_fd_sc_hd__buf_2)
     5    0.03    0.07    0.16    2.16 v input17/X (sky130_fd_sc_hd__buf_2)
                                         net17 (net)
                  0.07    0.00    2.16 v _235_/A_N (sky130_fd_sc_hd__nand3b_4)
     9    0.04    0.14    0.25    2.41 v _235_/Y (sky130_fd_sc_hd__nand3b_4)
                                         _163_ (net)
                  0.14    0.00    2.41 v _242_/C (sky130_fd_sc_hd__and3_1)
     2    0.01    0.08    0.27    2.68 v _242_/X (sky130_fd_sc_hd__and3_1)
                                         _000_ (net)
                  0.08    0.00    2.68 v _245_/B (sky130_fd_sc_hd__or3_1)
     2    0.01    0.10    0.42    3.11 v _245_/X (sky130_fd_sc_hd__or3_1)
                                         _003_ (net)
                  0.10    0.00    3.11 v _247_/B (sky130_fd_sc_hd__and3b_2)
     3    0.02    0.08    0.29    3.40 v _247_/X (sky130_fd_sc_hd__and3b_2)
                                         _005_ (net)
                  0.08    0.00    3.40 v _250_/A2 (sky130_fd_sc_hd__o21ai_4)
     4    0.02    0.20    0.22    3.62 ^ _250_/Y (sky130_fd_sc_hd__o21ai_4)
                                         _008_ (net)
                  0.20    0.00    3.62 ^ _328_/B (sky130_fd_sc_hd__nand2_1)
     1    0.01    0.13    0.16    3.78 v _328_/Y (sky130_fd_sc_hd__nand2_1)
                                         _080_ (net)
                  0.13    0.00    3.78 v _329_/B (sky130_fd_sc_hd__xnor2_1)
     1    0.00    0.05    0.17    3.94 v _329_/Y (sky130_fd_sc_hd__xnor2_1)
                                         _081_ (net)
                  0.05    0.00    3.94 v _335_/A2 (sky130_fd_sc_hd__a221o_1)
     1    0.01    0.07    0.39    4.33 v _335_/X (sky130_fd_sc_hd__a221o_1)
                                         net23 (net)
                  0.07    0.00    4.33 v output23/A (sky130_fd_sc_hd__buf_2)
     1    0.03    0.09    0.20    4.53 v output23/X (sky130_fd_sc_hd__buf_2)
                                         out[3] (net)
                  0.09    0.00    4.53 v out[3] (out)
                                  4.53   data arrival time

                  0.00   10.00   10.00   clock __VIRTUAL_CLK__ (rise edge)
                          0.00   10.00   clock network delay (ideal)
                         -0.25    9.75   clock uncertainty
                          0.00    9.75   clock reconvergence pessimism
                         -2.00    7.75   output external delay
                                  7.75   data required time
-----------------------------------------------------------------------------
                                  7.75   data required time
                                 -4.53   data arrival time
-----------------------------------------------------------------------------
                                  3.22   slack (MET)


Startpoint: B[0] (input port clocked by __VIRTUAL_CLK__)
Endpoint: out[2] (output port clocked by __VIRTUAL_CLK__)
Path Group: __VIRTUAL_CLK__
Path Type: max

Fanout     Cap    Slew   Delay    Time   Description
-----------------------------------------------------------------------------
                  0.00    0.00    0.00   clock __VIRTUAL_CLK__ (rise edge)
                          0.00    0.00   clock network delay (ideal)
                          2.00    2.00 v input external delay
     1    0.00    0.01    0.00    2.00 v B[0] (in)
                                         B[0] (net)
                  0.01    0.00    2.00 v input9/A (sky130_fd_sc_hd__dlymetal6s2s_1)
     4    0.02    0.09    0.18    2.18 v input9/X (sky130_fd_sc_hd__dlymetal6s2s_1)
                                         net9 (net)
                  0.09    0.00    2.18 v _234_/A (sky130_fd_sc_hd__or2_2)
     4    0.02    0.10    0.39    2.58 v _234_/X (sky130_fd_sc_hd__or2_2)
                                         _162_ (net)
                  0.10    0.00    2.58 v _240_/C (sky130_fd_sc_hd__and3_2)
     2    0.02    0.07    0.29    2.86 v _240_/X (sky130_fd_sc_hd__and3_2)
                                         _168_ (net)
                  0.07    0.00    2.86 v _248_/C (sky130_fd_sc_hd__or3_1)
     1    0.01    0.09    0.36    3.22 v _248_/X (sky130_fd_sc_hd__or3_1)
                                         _006_ (net)
                  0.09    0.00    3.22 v _249_/B (sky130_fd_sc_hd__and2_2)
     2    0.02    0.08    0.27    3.49 v _249_/X (sky130_fd_sc_hd__and2_2)
                                         _007_ (net)
                  0.08    0.00    3.49 v _319_/A (sky130_fd_sc_hd__or3_1)
     1    0.01    0.10    0.45    3.94 v _319_/X (sky130_fd_sc_hd__or3_1)
                                         _072_ (net)
                  0.10    0.00    3.94 v _326_/A3 (sky130_fd_sc_hd__a31o_1)
     1    0.01    0.06    0.27    4.21 v _326_/X (sky130_fd_sc_hd__a31o_1)
                                         net22 (net)
                  0.06    0.00    4.21 v output22/A (sky130_fd_sc_hd__buf_2)
     1    0.03    0.09    0.20    4.41 v output22/X (sky130_fd_sc_hd__buf_2)
                                         out[2] (net)
                  0.09    0.00    4.41 v out[2] (out)
                                  4.41   data arrival time

                  0.00   10.00   10.00   clock __VIRTUAL_CLK__ (rise edge)
                          0.00   10.00   clock network delay (ideal)
                         -0.25    9.75   clock uncertainty
                          0.00    9.75   clock reconvergence pessimism
                         -2.00    7.75   output external delay
                                  7.75   data required time
-----------------------------------------------------------------------------
                                  7.75   data required time
                                 -4.41   data arrival time
-----------------------------------------------------------------------------
                                  3.34   slack (MET)


Startpoint: opcode[1] (input port clocked by __VIRTUAL_CLK__)
Endpoint: out[0] (output port clocked by __VIRTUAL_CLK__)
Path Group: __VIRTUAL_CLK__
Path Type: max

Fanout     Cap    Slew   Delay    Time   Description
-----------------------------------------------------------------------------
                  0.00    0.00    0.00   clock __VIRTUAL_CLK__ (rise edge)
                          0.00    0.00   clock network delay (ideal)
                          2.00    2.00 v input external delay
     1    0.00    0.01    0.00    2.00 v opcode[1] (in)
                                         opcode[1] (net)
                  0.01    0.00    2.00 v input18/A (sky130_fd_sc_hd__clkbuf_4)
     6    0.04    0.09    0.18    2.19 v input18/X (sky130_fd_sc_hd__clkbuf_4)
                                         net18 (net)
                  0.09    0.00    2.19 v _171_/B (sky130_fd_sc_hd__or2_2)
     4    0.02    0.11    0.38    2.56 v _171_/X (sky130_fd_sc_hd__or2_2)
                                         _099_ (net)
                  0.11    0.00    2.56 v _224_/B (sky130_fd_sc_hd__or2_1)
     1    0.00    0.05    0.24    2.80 v _224_/X (sky130_fd_sc_hd__or2_1)
                                         _152_ (net)
                  0.05    0.00    2.80 v _225_/A (sky130_fd_sc_hd__clkbuf_4)
     8    0.04    0.09    0.20    3.01 v _225_/X (sky130_fd_sc_hd__clkbuf_4)
                                         _153_ (net)
                  0.09    0.00    3.01 v _306_/A2 (sky130_fd_sc_hd__o21ai_1)
     1    0.01    0.16    0.18    3.19 ^ _306_/Y (sky130_fd_sc_hd__o21ai_1)
                                         _061_ (net)
                  0.16    0.00    3.19 ^ _307_/B1 (sky130_fd_sc_hd__a31o_1)
     1    0.01    0.12    0.19    3.38 ^ _307_/X (sky130_fd_sc_hd__a31o_1)
                                         net20 (net)
                  0.12    0.00    3.38 ^ output20/A (sky130_fd_sc_hd__buf_2)
     1    0.03    0.17    0.24    3.62 ^ output20/X (sky130_fd_sc_hd__buf_2)
                                         out[0] (net)
                  0.17    0.00    3.62 ^ out[0] (out)
                                  3.62   data arrival time

                  0.00   10.00   10.00   clock __VIRTUAL_CLK__ (rise edge)
                          0.00   10.00   clock network delay (ideal)
                         -0.25    9.75   clock uncertainty
                          0.00    9.75   clock reconvergence pessimism
                         -2.00    7.75   output external delay
                                  7.75   data required time
-----------------------------------------------------------------------------
                                  7.75   data required time
                                 -3.62   data arrival time
-----------------------------------------------------------------------------
                                  4.13   slack (MET)



worst slack corner Typical: 2.6422
