
===========================================================================
 report_power
============================================================================
======================= Fastest Corner ===================================

Group                  Internal  Switching    Leakage      Total
                          Power      Power      Power      Power (Watts)
----------------------------------------------------------------
Sequential             1.37e-04   0.00e+00   2.96e-08   1.37e-04  39.6%
Combinational          2.75e-06   1.10e-05   7.66e-10   1.38e-05   4.0%
Clock                  1.36e-04   5.90e-05   1.06e-09   1.95e-04  56.4%
Macro                  0.00e+00   0.00e+00   0.00e+00   0.00e+00   0.0%
Pad                    0.00e+00   0.00e+00   0.00e+00   0.00e+00   0.0%
----------------------------------------------------------------
Total                  2.75e-04   7.00e-05   3.14e-08   3.46e-04 100.0%
                          79.7%      20.3%       0.0%

======================= Slowest Corner ===================================

Group                  Internal  Switching    Leakage      Total
                          Power      Power      Power      Power (Watts)
----------------------------------------------------------------
Sequential             9.05e-05   0.00e+00   5.50e-07   9.10e-05  38.5%
Combinational          1.89e-06   7.31e-06   5.96e-07   9.80e-06   4.1%
Clock                  9.70e-05   3.83e-05   1.31e-07   1.35e-04  57.3%
Macro                  0.00e+00   0.00e+00   0.00e+00   0.00e+00   0.0%
Pad                    0.00e+00   0.00e+00   0.00e+00   0.00e+00   0.0%
----------------------------------------------------------------
Total                  1.89e-04   4.56e-05   1.28e-06   2.36e-04 100.0%
                          80.2%      19.3%       0.5%

======================= Typical Corner ===================================

Group                  Internal  Switching    Leakage      Total
                          Power      Power      Power      Power (Watts)
----------------------------------------------------------------
Sequential             1.18e-04   0.00e+00   2.93e-08   1.18e-04  39.5%
Combinational          2.32e-06   9.41e-06   5.31e-10   1.17e-05   3.9%
Clock                  1.19e-04   4.94e-05   7.29e-10   1.68e-04  56.5%
Macro                  0.00e+00   0.00e+00   0.00e+00   0.00e+00   0.0%
Pad                    0.00e+00   0.00e+00   0.00e+00   0.00e+00   0.0%
----------------------------------------------------------------
Total                  2.39e-04   5.88e-05   3.05e-08   2.98e-04 100.0%
                          80.2%      19.8%       0.0%

