
===========================================================================
report_checks -unconstrained
===========================================================================
======================= Fastest Corner ===================================

Startpoint: A[2] (input port clocked by __VIRTUAL_CLK__)
Endpoint: out[5] (output port clocked by __VIRTUAL_CLK__)
Path Group: __VIRTUAL_CLK__
Path Type: max
Corner: Fastest

Fanout     Cap    Slew   Delay    Time   Description
-----------------------------------------------------------------------------
                  0.00    0.00    0.00   clock __VIRTUAL_CLK__ (rise edge)
                          0.00    0.00   clock network delay (ideal)
                          2.00    2.00 ^ input external delay
     1    0.00    0.01    0.01    2.01 ^ A[2] (in)
                                         A[2] (net)
                  0.01    0.00    2.01 ^ input3/A (sky130_fd_sc_hd__clkbuf_2)
     4    0.03    0.15    0.15    2.16 ^ input3/X (sky130_fd_sc_hd__clkbuf_2)
                                         net3 (net)
                  0.15    0.00    2.16 ^ _176_/A (sky130_fd_sc_hd__buf_4)
    10    0.07    0.15    0.19    2.35 ^ _176_/X (sky130_fd_sc_hd__buf_4)
                                         _104_ (net)
                  0.15    0.00    2.35 ^ _194_/B1 (sky130_fd_sc_hd__a22o_1)
     3    0.03    0.20    0.21    2.56 ^ _194_/X (sky130_fd_sc_hd__a22o_1)
                                         _122_ (net)
                  0.20    0.00    2.56 ^ _196_/A3 (sky130_fd_sc_hd__a31o_1)
     2    0.03    0.22    0.24    2.80 ^ _196_/X (sky130_fd_sc_hd__a31o_1)
                                         _124_ (net)
                  0.22    0.00    2.80 ^ _198_/C (sky130_fd_sc_hd__and3_1)
     2    0.02    0.16    0.21    3.01 ^ _198_/X (sky130_fd_sc_hd__and3_1)
                                         _126_ (net)
                  0.16    0.00    3.01 ^ _208_/A_N (sky130_fd_sc_hd__and2b_1)
     1    0.02    0.06    0.17    3.18 v _208_/X (sky130_fd_sc_hd__and2b_1)
                                         _136_ (net)
                  0.06    0.00    3.18 v _209_/B (sky130_fd_sc_hd__xnor2_4)
     3    0.04    0.25    0.23    3.42 ^ _209_/Y (sky130_fd_sc_hd__xnor2_4)
                                         _137_ (net)
                  0.25    0.00    3.42 ^ _210_/C (sky130_fd_sc_hd__nand3_4)
     3    0.04    0.12    0.11    3.53 v _210_/Y (sky130_fd_sc_hd__nand3_4)
                                         _138_ (net)
                  0.12    0.00    3.53 v _219_/A2 (sky130_fd_sc_hd__a21oi_2)
     1    0.02    0.22    0.24    3.77 ^ _219_/Y (sky130_fd_sc_hd__a21oi_2)
                                         _147_ (net)
                  0.22    0.00    3.77 ^ _221_/A (sky130_fd_sc_hd__nor2_1)
     1    0.01    0.08    0.08    3.85 v _221_/Y (sky130_fd_sc_hd__nor2_1)
                                         _149_ (net)
                  0.08    0.00    3.85 v _267_/A2 (sky130_fd_sc_hd__a211o_1)
     1    0.02    0.08    0.26    4.11 v _267_/X (sky130_fd_sc_hd__a211o_1)
                                         net25 (net)
                  0.08    0.00    4.11 v output25/A (sky130_fd_sc_hd__buf_2)
     1    0.03    0.06    0.15    4.26 v output25/X (sky130_fd_sc_hd__buf_2)
                                         out[5] (net)
                  0.06    0.00    4.26 v out[5] (out)
                                  4.26   data arrival time

                  0.00   10.00   10.00   clock __VIRTUAL_CLK__ (rise edge)
                          0.00   10.00   clock network delay (ideal)
                         -0.25    9.75   clock uncertainty
                          0.00    9.75   clock reconvergence pessimism
                         -2.00    7.75   output external delay
                                  7.75   data required time
-----------------------------------------------------------------------------
                                  7.75   data required time
                                 -4.26   data arrival time
-----------------------------------------------------------------------------
                                  3.49   slack (MET)



======================= Slowest Corner ===================================

Startpoint: A[2] (input port clocked by __VIRTUAL_CLK__)
Endpoint: out[5] (output port clocked by __VIRTUAL_CLK__)
Path Group: __VIRTUAL_CLK__
Path Type: max
Corner: Slowest

Fanout     Cap    Slew   Delay    Time   Description
-----------------------------------------------------------------------------
                  0.00    0.00    0.00   clock __VIRTUAL_CLK__ (rise edge)
                          0.00    0.00   clock network delay (ideal)
                          2.00    2.00 ^ input external delay
     1    0.00    0.03    0.02    2.02 ^ A[2] (in)
                                         A[2] (net)
                  0.03    0.00    2.02 ^ input3/A (sky130_fd_sc_hd__clkbuf_2)
     4    0.03    0.30    0.36    2.37 ^ input3/X (sky130_fd_sc_hd__clkbuf_2)
                                         net3 (net)
                  0.30    0.00    2.37 ^ _176_/A (sky130_fd_sc_hd__buf_4)
    10    0.07    0.32    0.52    2.89 ^ _176_/X (sky130_fd_sc_hd__buf_4)
                                         _104_ (net)
                  0.32    0.00    2.89 ^ _194_/B1 (sky130_fd_sc_hd__a22o_1)
     3    0.03    0.43    0.63    3.52 ^ _194_/X (sky130_fd_sc_hd__a22o_1)
                                         _122_ (net)
                  0.43    0.00    3.52 ^ _196_/A3 (sky130_fd_sc_hd__a31o_1)
     2    0.03    0.47    0.74    4.27 ^ _196_/X (sky130_fd_sc_hd__a31o_1)
                                         _124_ (net)
                  0.47    0.00    4.27 ^ _198_/C (sky130_fd_sc_hd__and3_1)
     2    0.02    0.32    0.65    4.92 ^ _198_/X (sky130_fd_sc_hd__and3_1)
                                         _126_ (net)
                  0.32    0.00    4.92 ^ _208_/A_N (sky130_fd_sc_hd__and2b_1)
     1    0.02    0.18    0.59    5.51 v _208_/X (sky130_fd_sc_hd__and2b_1)
                                         _136_ (net)
                  0.18    0.00    5.51 v _209_/B (sky130_fd_sc_hd__xnor2_4)
     3    0.04    0.52    0.54    6.05 ^ _209_/Y (sky130_fd_sc_hd__xnor2_4)
                                         _137_ (net)
                  0.52    0.00    6.05 ^ _210_/C (sky130_fd_sc_hd__nand3_4)
     3    0.04    0.33    0.47    6.52 v _210_/Y (sky130_fd_sc_hd__nand3_4)
                                         _138_ (net)
                  0.33    0.00    6.52 v _219_/A2 (sky130_fd_sc_hd__a21oi_2)
     1    0.02    0.48    0.61    7.12 ^ _219_/Y (sky130_fd_sc_hd__a21oi_2)
                                         _147_ (net)
                  0.48    0.00    7.12 ^ _221_/A (sky130_fd_sc_hd__nor2_1)
     1    0.01    0.17    0.33    7.46 v _221_/Y (sky130_fd_sc_hd__nor2_1)
                                         _149_ (net)
                  0.17    0.00    7.46 v _267_/A2 (sky130_fd_sc_hd__a211o_1)
     1    0.02    0.22    0.77    8.22 v _267_/X (sky130_fd_sc_hd__a211o_1)
                                         net25 (net)
                  0.22    0.00    8.22 v output25/A (sky130_fd_sc_hd__buf_2)
     1    0.03    0.17    0.44    8.66 v output25/X (sky130_fd_sc_hd__buf_2)
                                         out[5] (net)
                  0.17    0.00    8.66 v out[5] (out)
                                  8.66   data arrival time

                  0.00   10.00   10.00   clock __VIRTUAL_CLK__ (rise edge)
                          0.00   10.00   clock network delay (ideal)
                         -0.25    9.75   clock uncertainty
                          0.00    9.75   clock reconvergence pessimism
                         -2.00    7.75   output external delay
                                  7.75   data required time
-----------------------------------------------------------------------------
                                  7.75   data required time
                                 -8.66   data arrival time
-----------------------------------------------------------------------------
                                 -0.91   slack (VIOLATED)



======================= Typical Corner ===================================

Startpoint: A[2] (input port clocked by __VIRTUAL_CLK__)
Endpoint: out[5] (output port clocked by __VIRTUAL_CLK__)
Path Group: __VIRTUAL_CLK__
Path Type: max
Corner: Typical

Fanout     Cap    Slew   Delay    Time   Description
-----------------------------------------------------------------------------
                  0.00    0.00    0.00   clock __VIRTUAL_CLK__ (rise edge)
                          0.00    0.00   clock network delay (ideal)
                          2.00    2.00 ^ input external delay
     1    0.00    0.02    0.01    2.01 ^ A[2] (in)
                                         A[2] (net)
                  0.02    0.00    2.01 ^ input3/A (sky130_fd_sc_hd__clkbuf_2)
     4    0.03    0.19    0.21    2.22 ^ input3/X (sky130_fd_sc_hd__clkbuf_2)
                                         net3 (net)
                  0.19    0.00    2.22 ^ _176_/A (sky130_fd_sc_hd__buf_4)
    10    0.07    0.20    0.28    2.51 ^ _176_/X (sky130_fd_sc_hd__buf_4)
                                         _104_ (net)
                  0.20    0.00    2.51 ^ _194_/B1 (sky130_fd_sc_hd__a22o_1)
     3    0.03    0.27    0.34    2.84 ^ _194_/X (sky130_fd_sc_hd__a22o_1)
                                         _122_ (net)
                  0.27    0.00    2.84 ^ _196_/A3 (sky130_fd_sc_hd__a31o_1)
     2    0.03    0.29    0.38    3.23 ^ _196_/X (sky130_fd_sc_hd__a31o_1)
                                         _124_ (net)
                  0.29    0.00    3.23 ^ _198_/C (sky130_fd_sc_hd__and3_1)
     2    0.02    0.21    0.33    3.56 ^ _198_/X (sky130_fd_sc_hd__and3_1)
                                         _126_ (net)
                  0.21    0.00    3.56 ^ _208_/A_N (sky130_fd_sc_hd__and2b_1)
     1    0.02    0.09    0.28    3.84 v _208_/X (sky130_fd_sc_hd__and2b_1)
                                         _136_ (net)
                  0.09    0.00    3.84 v _209_/B (sky130_fd_sc_hd__xnor2_4)
     3    0.04    0.33    0.33    4.16 ^ _209_/Y (sky130_fd_sc_hd__xnor2_4)
                                         _137_ (net)
                  0.33    0.00    4.16 ^ _210_/C (sky130_fd_sc_hd__nand3_4)
     3    0.04    0.17    0.21    4.37 v _210_/Y (sky130_fd_sc_hd__nand3_4)
                                         _138_ (net)
                  0.17    0.00    4.37 v _219_/A2 (sky130_fd_sc_hd__a21oi_2)
     1    0.02    0.30    0.35    4.72 ^ _219_/Y (sky130_fd_sc_hd__a21oi_2)
                                         _147_ (net)
                  0.30    0.00    4.72 ^ _221_/A (sky130_fd_sc_hd__nor2_1)
     1    0.01    0.11    0.15    4.87 v _221_/Y (sky130_fd_sc_hd__nor2_1)
                                         _149_ (net)
                  0.11    0.00    4.87 v _267_/A2 (sky130_fd_sc_hd__a211o_1)
     1    0.02    0.12    0.41    5.28 v _267_/X (sky130_fd_sc_hd__a211o_1)
                                         net25 (net)
                  0.12    0.00    5.29 v output25/A (sky130_fd_sc_hd__buf_2)
     1    0.03    0.09    0.23    5.51 v output25/X (sky130_fd_sc_hd__buf_2)
                                         out[5] (net)
                  0.09    0.00    5.51 v out[5] (out)
                                  5.51   data arrival time

                  0.00   10.00   10.00   clock __VIRTUAL_CLK__ (rise edge)
                          0.00   10.00   clock network delay (ideal)
                         -0.25    9.75   clock uncertainty
                          0.00    9.75   clock reconvergence pessimism
                         -2.00    7.75   output external delay
                                  7.75   data required time
-----------------------------------------------------------------------------
                                  7.75   data required time
                                 -5.51   data arrival time
-----------------------------------------------------------------------------
                                  2.24   slack (MET)




===========================================================================
report_checks --slack_max -0.01
============================================================================
======================= Fastest Corner ===================================

No paths found.

======================= Slowest Corner ===================================

Startpoint: A[2] (input port clocked by __VIRTUAL_CLK__)
Endpoint: out[5] (output port clocked by __VIRTUAL_CLK__)
Path Group: __VIRTUAL_CLK__
Path Type: max
Corner: Slowest

Fanout     Cap    Slew   Delay    Time   Description
-----------------------------------------------------------------------------
                  0.00    0.00    0.00   clock __VIRTUAL_CLK__ (rise edge)
                          0.00    0.00   clock network delay (ideal)
                          2.00    2.00 ^ input external delay
     1    0.00    0.03    0.02    2.02 ^ A[2] (in)
                                         A[2] (net)
                  0.03    0.00    2.02 ^ input3/A (sky130_fd_sc_hd__clkbuf_2)
     4    0.03    0.30    0.36    2.37 ^ input3/X (sky130_fd_sc_hd__clkbuf_2)
                                         net3 (net)
                  0.30    0.00    2.37 ^ _176_/A (sky130_fd_sc_hd__buf_4)
    10    0.07    0.32    0.52    2.89 ^ _176_/X (sky130_fd_sc_hd__buf_4)
                                         _104_ (net)
                  0.32    0.00    2.89 ^ _194_/B1 (sky130_fd_sc_hd__a22o_1)
     3    0.03    0.43    0.63    3.52 ^ _194_/X (sky130_fd_sc_hd__a22o_1)
                                         _122_ (net)
                  0.43    0.00    3.52 ^ _196_/A3 (sky130_fd_sc_hd__a31o_1)
     2    0.03    0.47    0.74    4.27 ^ _196_/X (sky130_fd_sc_hd__a31o_1)
                                         _124_ (net)
                  0.47    0.00    4.27 ^ _198_/C (sky130_fd_sc_hd__and3_1)
     2    0.02    0.32    0.65    4.92 ^ _198_/X (sky130_fd_sc_hd__and3_1)
                                         _126_ (net)
                  0.32    0.00    4.92 ^ _208_/A_N (sky130_fd_sc_hd__and2b_1)
     1    0.02    0.18    0.59    5.51 v _208_/X (sky130_fd_sc_hd__and2b_1)
                                         _136_ (net)
                  0.18    0.00    5.51 v _209_/B (sky130_fd_sc_hd__xnor2_4)
     3    0.04    0.52    0.54    6.05 ^ _209_/Y (sky130_fd_sc_hd__xnor2_4)
                                         _137_ (net)
                  0.52    0.00    6.05 ^ _210_/C (sky130_fd_sc_hd__nand3_4)
     3    0.04    0.33    0.47    6.52 v _210_/Y (sky130_fd_sc_hd__nand3_4)
                                         _138_ (net)
                  0.33    0.00    6.52 v _219_/A2 (sky130_fd_sc_hd__a21oi_2)
     1    0.02    0.48    0.61    7.12 ^ _219_/Y (sky130_fd_sc_hd__a21oi_2)
                                         _147_ (net)
                  0.48    0.00    7.12 ^ _221_/A (sky130_fd_sc_hd__nor2_1)
     1    0.01    0.17    0.33    7.46 v _221_/Y (sky130_fd_sc_hd__nor2_1)
                                         _149_ (net)
                  0.17    0.00    7.46 v _267_/A2 (sky130_fd_sc_hd__a211o_1)
     1    0.02    0.22    0.77    8.22 v _267_/X (sky130_fd_sc_hd__a211o_1)
                                         net25 (net)
                  0.22    0.00    8.22 v output25/A (sky130_fd_sc_hd__buf_2)
     1    0.03    0.17    0.44    8.66 v output25/X (sky130_fd_sc_hd__buf_2)
                                         out[5] (net)
                  0.17    0.00    8.66 v out[5] (out)
                                  8.66   data arrival time

                  0.00   10.00   10.00   clock __VIRTUAL_CLK__ (rise edge)
                          0.00   10.00   clock network delay (ideal)
                         -0.25    9.75   clock uncertainty
                          0.00    9.75   clock reconvergence pessimism
                         -2.00    7.75   output external delay
                                  7.75   data required time
-----------------------------------------------------------------------------
                                  7.75   data required time
                                 -8.66   data arrival time
-----------------------------------------------------------------------------
                                 -0.91   slack (VIOLATED)



======================= Typical Corner ===================================

No paths found.


===========================================================================
 report_check_types -max_slew -max_cap -max_fanout -violators
============================================================================
======================= Fastest Corner ===================================


max slew violations count Fastest: 0
max fanout violations count Fastest: 0
max cap violations count Fastest: 0
======================= Slowest Corner ===================================

max slew

Pin                                    Limit    Slew   Slack
------------------------------------------------------------
_322_/B1                                0.75    0.81   -0.06 (VIOLATED)
_340_/B                                 0.75    0.81   -0.06 (VIOLATED)
_309_/B1                                0.75    0.81   -0.06 (VIOLATED)
_232_/B1                                0.75    0.81   -0.06 (VIOLATED)
_298_/B1                                0.75    0.81   -0.06 (VIOLATED)
_332_/B1                                0.75    0.81   -0.06 (VIOLATED)
_228_/Y                                 0.75    0.81   -0.06 (VIOLATED)
_324_/A3                                0.75    0.79   -0.04 (VIOLATED)
_303_/B                                 0.75    0.79   -0.04 (VIOLATED)
_223_/Y                                 0.75    0.79   -0.04 (VIOLATED)
_233_/A3                                0.75    0.79   -0.04 (VIOLATED)
_299_/A3                                0.75    0.79   -0.04 (VIOLATED)
_312_/A3                                0.75    0.79   -0.04 (VIOLATED)
_334_/A3                                0.75    0.79   -0.04 (VIOLATED)
_341_/A3                                0.75    0.79   -0.04 (VIOLATED)


max slew violations count Slowest: 15
max fanout violations count Slowest: 0
max cap violations count Slowest: 0
======================= Typical Corner ===================================


max slew violations count Typical: 0
max fanout violations count Typical: 0
max cap violations count Typical: 0

===========================================================================
report_parasitic_annotation -report_unannotated
============================================================================
Found 0 unannotated drivers.
Found 0 partially unannotated drivers.

===========================================================================
max slew violation count 15
max fanout violation count 0
max cap violation count 0
============================================================================

===========================================================================
check_setup -verbose -unconstrained_endpoints -multiple_clock -no_clock -no_input_delay -loops -generated_clocks
===========================================================================
