
===========================================================================
report_checks -path_delay min (Hold)
============================================================================
======================= Typical Corner ===================================

Startpoint: _250_ (rising edge-triggered flip-flop clocked by CLK100MHZ)
Endpoint: _250_ (rising edge-triggered flip-flop clocked by CLK100MHZ)
Path Group: CLK100MHZ
Path Type: min

Fanout     Cap    Slew   Delay    Time   Description
-----------------------------------------------------------------------------
                  0.00    0.00    0.00   clock CLK100MHZ (rise edge)
                          0.00    0.00   clock network delay (ideal)
                  0.00    0.00    0.00 ^ _250_/CLK (sky130_fd_sc_hd__dfrtp_2)
     5    0.01    0.09    0.37    0.37 ^ _250_/Q (sky130_fd_sc_hd__dfrtp_2)
                                         decoder.delay[0] (net)
                  0.09    0.00    0.37 ^ _165_/A (sky130_fd_sc_hd__inv_2)
     1    0.00    0.02    0.03    0.40 v _165_/Y (sky130_fd_sc_hd__inv_2)
                                         _000_ (net)
                  0.02    0.00    0.40 v _250_/D (sky130_fd_sc_hd__dfrtp_2)
                                  0.40   data arrival time

                  0.00    0.00    0.00   clock CLK100MHZ (rise edge)
                          0.00    0.00   clock network delay (ideal)
                          0.00    0.00   clock reconvergence pessimism
                                  0.00 ^ _250_/CLK (sky130_fd_sc_hd__dfrtp_2)
                         -0.04   -0.04   library hold time
                                 -0.04   data required time
-----------------------------------------------------------------------------
                                 -0.04   data required time
                                 -0.40   data arrival time
-----------------------------------------------------------------------------
                                  0.44   slack (MET)


Startpoint: _265_ (rising edge-triggered flip-flop clocked by CLK100MHZ)
Endpoint: _265_ (rising edge-triggered flip-flop clocked by CLK100MHZ)
Path Group: CLK100MHZ
Path Type: min

Fanout     Cap    Slew   Delay    Time   Description
-----------------------------------------------------------------------------
                  0.00    0.00    0.00   clock CLK100MHZ (rise edge)
                          0.00    0.00   clock network delay (ideal)
                  0.00    0.00    0.00 ^ _265_/CLK (sky130_fd_sc_hd__dfrtp_2)
     2    0.01    0.05    0.33    0.33 ^ _265_/Q (sky130_fd_sc_hd__dfrtp_2)
                                         decoder.delay[15] (net)
                  0.05    0.00    0.33 ^ _205_/B1 (sky130_fd_sc_hd__a21oi_2)
     1    0.00    0.02    0.03    0.37 v _205_/Y (sky130_fd_sc_hd__a21oi_2)
                                         _108_ (net)
                  0.02    0.00    0.37 v _206_/B (sky130_fd_sc_hd__nor2_2)
     1    0.00    0.05    0.06    0.42 ^ _206_/Y (sky130_fd_sc_hd__nor2_2)
                                         _006_ (net)
                  0.05    0.00    0.42 ^ _265_/D (sky130_fd_sc_hd__dfrtp_2)
                                  0.42   data arrival time

                  0.00    0.00    0.00   clock CLK100MHZ (rise edge)
                          0.00    0.00   clock network delay (ideal)
                          0.00    0.00   clock reconvergence pessimism
                                  0.00 ^ _265_/CLK (sky130_fd_sc_hd__dfrtp_2)
                         -0.04   -0.04   library hold time
                                 -0.04   data required time
-----------------------------------------------------------------------------
                                 -0.04   data required time
                                 -0.42   data arrival time
-----------------------------------------------------------------------------
                                  0.46   slack (MET)


Startpoint: _268_ (rising edge-triggered flip-flop clocked by CLK100MHZ)
Endpoint: _268_ (rising edge-triggered flip-flop clocked by CLK100MHZ)
Path Group: CLK100MHZ
Path Type: min

Fanout     Cap    Slew   Delay    Time   Description
-----------------------------------------------------------------------------
                  0.00    0.00    0.00   clock CLK100MHZ (rise edge)
                          0.00    0.00   clock network delay (ideal)
                  0.00    0.00    0.00 ^ _268_/CLK (sky130_fd_sc_hd__dfrtp_2)
     3    0.01    0.08    0.36    0.36 ^ _268_/Q (sky130_fd_sc_hd__dfrtp_2)
                                         decoder.delay[18] (net)
                  0.08    0.00    0.36 ^ _211_/A (sky130_fd_sc_hd__xor2_2)
     1    0.00    0.03    0.06    0.42 v _211_/X (sky130_fd_sc_hd__xor2_2)
                                         _009_ (net)
                  0.03    0.00    0.42 v _268_/D (sky130_fd_sc_hd__dfrtp_2)
                                  0.42   data arrival time

                  0.00    0.00    0.00   clock CLK100MHZ (rise edge)
                          0.00    0.00   clock network delay (ideal)
                          0.00    0.00   clock reconvergence pessimism
                                  0.00 ^ _268_/CLK (sky130_fd_sc_hd__dfrtp_2)
                         -0.05   -0.05   library hold time
                                 -0.05   data required time
-----------------------------------------------------------------------------
                                 -0.05   data required time
                                 -0.42   data arrival time
-----------------------------------------------------------------------------
                                  0.47   slack (MET)


Startpoint: _252_ (rising edge-triggered flip-flop clocked by CLK100MHZ)
Endpoint: _252_ (rising edge-triggered flip-flop clocked by CLK100MHZ)
Path Group: CLK100MHZ
Path Type: min

Fanout     Cap    Slew   Delay    Time   Description
-----------------------------------------------------------------------------
                  0.00    0.00    0.00   clock CLK100MHZ (rise edge)
                          0.00    0.00   clock network delay (ideal)
                  0.00    0.00    0.00 ^ _252_/CLK (sky130_fd_sc_hd__dfrtp_2)
     3    0.01    0.08    0.36    0.36 ^ _252_/Q (sky130_fd_sc_hd__dfrtp_2)
                                         decoder.delay[2] (net)
                  0.08    0.00    0.36 ^ _170_/A (sky130_fd_sc_hd__xnor2_2)
     1    0.00    0.03    0.06    0.43 v _170_/Y (sky130_fd_sc_hd__xnor2_2)
                                         _017_ (net)
                  0.03    0.00    0.43 v _252_/D (sky130_fd_sc_hd__dfrtp_2)
                                  0.43   data arrival time

                  0.00    0.00    0.00   clock CLK100MHZ (rise edge)
                          0.00    0.00   clock network delay (ideal)
                          0.00    0.00   clock reconvergence pessimism
                                  0.00 ^ _252_/CLK (sky130_fd_sc_hd__dfrtp_2)
                         -0.04   -0.04   library hold time
                                 -0.04   data required time
-----------------------------------------------------------------------------
                                 -0.04   data required time
                                 -0.43   data arrival time
-----------------------------------------------------------------------------
                                  0.47   slack (MET)


Startpoint: _259_ (rising edge-triggered flip-flop clocked by CLK100MHZ)
Endpoint: _259_ (rising edge-triggered flip-flop clocked by CLK100MHZ)
Path Group: CLK100MHZ
Path Type: min

Fanout     Cap    Slew   Delay    Time   Description
-----------------------------------------------------------------------------
                  0.00    0.00    0.00   clock CLK100MHZ (rise edge)
                          0.00    0.00   clock network delay (ideal)
                  0.00    0.00    0.00 ^ _259_/CLK (sky130_fd_sc_hd__dfrtp_2)
     4    0.01    0.09    0.37    0.37 ^ _259_/Q (sky130_fd_sc_hd__dfrtp_2)
                                         decoder.delay[9] (net)
                  0.09    0.00    0.37 ^ _191_/A (sky130_fd_sc_hd__xnor2_2)
     1    0.00    0.03    0.07    0.43 v _191_/Y (sky130_fd_sc_hd__xnor2_2)
                                         _024_ (net)
                  0.03    0.00    0.43 v _259_/D (sky130_fd_sc_hd__dfrtp_2)
                                  0.43   data arrival time

                  0.00    0.00    0.00   clock CLK100MHZ (rise edge)
                          0.00    0.00   clock network delay (ideal)
                          0.00    0.00   clock reconvergence pessimism
                                  0.00 ^ _259_/CLK (sky130_fd_sc_hd__dfrtp_2)
                         -0.04   -0.04   library hold time
                                 -0.04   data required time
-----------------------------------------------------------------------------
                                 -0.04   data required time
                                 -0.43   data arrival time
-----------------------------------------------------------------------------
                                  0.48   slack (MET)


Startpoint: _256_ (rising edge-triggered flip-flop clocked by CLK100MHZ)
Endpoint: _256_ (rising edge-triggered flip-flop clocked by CLK100MHZ)
Path Group: CLK100MHZ
Path Type: min

Fanout     Cap    Slew   Delay    Time   Description
-----------------------------------------------------------------------------
                  0.00    0.00    0.00   clock CLK100MHZ (rise edge)
                          0.00    0.00   clock network delay (ideal)
                  0.00    0.00    0.00 ^ _256_/CLK (sky130_fd_sc_hd__dfrtp_2)
     4    0.02    0.09    0.37    0.37 ^ _256_/Q (sky130_fd_sc_hd__dfrtp_2)
                                         decoder.delay[6] (net)
                  0.09    0.00    0.37 ^ _180_/A (sky130_fd_sc_hd__xor2_2)
     1    0.00    0.03    0.07    0.43 v _180_/X (sky130_fd_sc_hd__xor2_2)
                                         _021_ (net)
                  0.03    0.00    0.43 v _256_/D (sky130_fd_sc_hd__dfrtp_2)
                                  0.43   data arrival time

                  0.00    0.00    0.00   clock CLK100MHZ (rise edge)
                          0.00    0.00   clock network delay (ideal)
                          0.00    0.00   clock reconvergence pessimism
                                  0.00 ^ _256_/CLK (sky130_fd_sc_hd__dfrtp_2)
                         -0.05   -0.05   library hold time
                                 -0.05   data required time
-----------------------------------------------------------------------------
                                 -0.05   data required time
                                 -0.43   data arrival time
-----------------------------------------------------------------------------
                                  0.48   slack (MET)


Startpoint: _262_ (rising edge-triggered flip-flop clocked by CLK100MHZ)
Endpoint: _262_ (rising edge-triggered flip-flop clocked by CLK100MHZ)
Path Group: CLK100MHZ
Path Type: min

Fanout     Cap    Slew   Delay    Time   Description
-----------------------------------------------------------------------------
                  0.00    0.00    0.00   clock CLK100MHZ (rise edge)
                          0.00    0.00   clock network delay (ideal)
                  0.00    0.00    0.00 ^ _262_/CLK (sky130_fd_sc_hd__dfrtp_2)
     5    0.02    0.09    0.37    0.37 ^ _262_/Q (sky130_fd_sc_hd__dfrtp_2)
                                         decoder.delay[12] (net)
                  0.09    0.00    0.37 ^ _199_/A (sky130_fd_sc_hd__xnor2_2)
     1    0.00    0.03    0.07    0.43 v _199_/Y (sky130_fd_sc_hd__xnor2_2)
                                         _003_ (net)
                  0.03    0.00    0.43 v _262_/D (sky130_fd_sc_hd__dfrtp_2)
                                  0.43   data arrival time

                  0.00    0.00    0.00   clock CLK100MHZ (rise edge)
                          0.00    0.00   clock network delay (ideal)
                          0.00    0.00   clock reconvergence pessimism
                                  0.00 ^ _262_/CLK (sky130_fd_sc_hd__dfrtp_2)
                         -0.04   -0.04   library hold time
                                 -0.04   data required time
-----------------------------------------------------------------------------
                                 -0.04   data required time
                                 -0.43   data arrival time
-----------------------------------------------------------------------------
                                  0.48   slack (MET)


Startpoint: _271_ (rising edge-triggered flip-flop clocked by CLK100MHZ)
Endpoint: _271_ (rising edge-triggered flip-flop clocked by CLK100MHZ)
Path Group: CLK100MHZ
Path Type: min

Fanout     Cap    Slew   Delay    Time   Description
-----------------------------------------------------------------------------
                  0.00    0.00    0.00   clock CLK100MHZ (rise edge)
                          0.00    0.00   clock network delay (ideal)
                  0.00    0.00    0.00 ^ _271_/CLK (sky130_fd_sc_hd__dfrtp_2)
     2    0.00    0.05    0.32    0.32 ^ _271_/Q (sky130_fd_sc_hd__dfrtp_2)
                                         decoder.delay[21] (net)
                  0.05    0.00    0.32 ^ _147_/A1 (sky130_fd_sc_hd__o21ba_2)
     1    0.00    0.03    0.12    0.45 ^ _147_/X (sky130_fd_sc_hd__o21ba_2)
                                         _013_ (net)
                  0.03    0.00    0.45 ^ _271_/D (sky130_fd_sc_hd__dfrtp_2)
                                  0.45   data arrival time

                  0.00    0.00    0.00   clock CLK100MHZ (rise edge)
                          0.00    0.00   clock network delay (ideal)
                          0.00    0.00   clock reconvergence pessimism
                                  0.00 ^ _271_/CLK (sky130_fd_sc_hd__dfrtp_2)
                         -0.04   -0.04   library hold time
                                 -0.04   data required time
-----------------------------------------------------------------------------
                                 -0.04   data required time
                                 -0.45   data arrival time
-----------------------------------------------------------------------------
                                  0.48   slack (MET)


Startpoint: _255_ (rising edge-triggered flip-flop clocked by CLK100MHZ)
Endpoint: _255_ (rising edge-triggered flip-flop clocked by CLK100MHZ)
Path Group: CLK100MHZ
Path Type: min

Fanout     Cap    Slew   Delay    Time   Description
-----------------------------------------------------------------------------
                  0.00    0.00    0.00   clock CLK100MHZ (rise edge)
                          0.00    0.00   clock network delay (ideal)
                  0.00    0.00    0.00 ^ _255_/CLK (sky130_fd_sc_hd__dfrtp_2)
     4    0.01    0.07    0.34    0.34 ^ _255_/Q (sky130_fd_sc_hd__dfrtp_2)
                                         decoder.delay[5] (net)
                  0.07    0.00    0.34 ^ _178_/A (sky130_fd_sc_hd__nor2_2)
     1    0.00    0.02    0.04    0.39 v _178_/Y (sky130_fd_sc_hd__nor2_2)
                                         _091_ (net)
                  0.02    0.00    0.39 v _179_/B (sky130_fd_sc_hd__nor2_2)
     1    0.00    0.05    0.05    0.44 ^ _179_/Y (sky130_fd_sc_hd__nor2_2)
                                         _020_ (net)
                  0.05    0.00    0.44 ^ _255_/D (sky130_fd_sc_hd__dfrtp_2)
                                  0.44   data arrival time

                  0.00    0.00    0.00   clock CLK100MHZ (rise edge)
                          0.00    0.00   clock network delay (ideal)
                          0.00    0.00   clock reconvergence pessimism
                                  0.00 ^ _255_/CLK (sky130_fd_sc_hd__dfrtp_2)
                         -0.04   -0.04   library hold time
                                 -0.04   data required time
-----------------------------------------------------------------------------
                                 -0.04   data required time
                                 -0.44   data arrival time
-----------------------------------------------------------------------------
                                  0.48   slack (MET)


Startpoint: _270_ (rising edge-triggered flip-flop clocked by CLK100MHZ)
Endpoint: _270_ (rising edge-triggered flip-flop clocked by CLK100MHZ)
Path Group: CLK100MHZ
Path Type: min

Fanout     Cap    Slew   Delay    Time   Description
-----------------------------------------------------------------------------
                  0.00    0.00    0.00   clock CLK100MHZ (rise edge)
                          0.00    0.00   clock network delay (ideal)
                  0.00    0.00    0.00 ^ _270_/CLK (sky130_fd_sc_hd__dfrtp_2)
     3    0.01    0.06    0.34    0.34 ^ _270_/Q (sky130_fd_sc_hd__dfrtp_2)
                                         decoder.delay[20] (net)
                  0.06    0.00    0.34 ^ _143_/B1 (sky130_fd_sc_hd__a21oi_2)
     1    0.00    0.03    0.04    0.37 v _143_/Y (sky130_fd_sc_hd__a21oi_2)
                                         _072_ (net)
                  0.03    0.00    0.37 v _145_/A (sky130_fd_sc_hd__nor2_2)
     1    0.00    0.05    0.08    0.45 ^ _145_/Y (sky130_fd_sc_hd__nor2_2)
                                         _012_ (net)
                  0.05    0.00    0.45 ^ _270_/D (sky130_fd_sc_hd__dfrtp_2)
                                  0.45   data arrival time

                  0.00    0.00    0.00   clock CLK100MHZ (rise edge)
                          0.00    0.00   clock network delay (ideal)
                          0.00    0.00   clock reconvergence pessimism
                                  0.00 ^ _270_/CLK (sky130_fd_sc_hd__dfrtp_2)
                         -0.04   -0.04   library hold time
                                 -0.04   data required time
-----------------------------------------------------------------------------
                                 -0.04   data required time
                                 -0.45   data arrival time
-----------------------------------------------------------------------------
                                  0.49   slack (MET)


Startpoint: _254_ (rising edge-triggered flip-flop clocked by CLK100MHZ)
Endpoint: _254_ (rising edge-triggered flip-flop clocked by CLK100MHZ)
Path Group: CLK100MHZ
Path Type: min

Fanout     Cap    Slew   Delay    Time   Description
-----------------------------------------------------------------------------
                  0.00    0.00    0.00   clock CLK100MHZ (rise edge)
                          0.00    0.00   clock network delay (ideal)
                  0.00    0.00    0.00 ^ _254_/CLK (sky130_fd_sc_hd__dfrtp_2)
     5    0.01    0.07    0.35    0.35 ^ _254_/Q (sky130_fd_sc_hd__dfrtp_2)
                                         decoder.delay[4] (net)
                  0.07    0.00    0.35 ^ _175_/A (sky130_fd_sc_hd__nor2_2)
     1    0.00    0.03    0.04    0.40 v _175_/Y (sky130_fd_sc_hd__nor2_2)
                                         _089_ (net)
                  0.03    0.00    0.40 v _176_/B (sky130_fd_sc_hd__nor2_2)
     1    0.00    0.05    0.06    0.45 ^ _176_/Y (sky130_fd_sc_hd__nor2_2)
                                         _019_ (net)
                  0.05    0.00    0.45 ^ _254_/D (sky130_fd_sc_hd__dfrtp_2)
                                  0.45   data arrival time

                  0.00    0.00    0.00   clock CLK100MHZ (rise edge)
                          0.00    0.00   clock network delay (ideal)
                          0.00    0.00   clock reconvergence pessimism
                                  0.00 ^ _254_/CLK (sky130_fd_sc_hd__dfrtp_2)
                         -0.04   -0.04   library hold time
                                 -0.04   data required time
-----------------------------------------------------------------------------
                                 -0.04   data required time
                                 -0.45   data arrival time
-----------------------------------------------------------------------------
                                  0.49   slack (MET)


Startpoint: _266_ (rising edge-triggered flip-flop clocked by CLK100MHZ)
Endpoint: _266_ (rising edge-triggered flip-flop clocked by CLK100MHZ)
Path Group: CLK100MHZ
Path Type: min

Fanout     Cap    Slew   Delay    Time   Description
-----------------------------------------------------------------------------
                  0.00    0.00    0.00   clock CLK100MHZ (rise edge)
                          0.00    0.00   clock network delay (ideal)
                  0.00    0.00    0.00 ^ _266_/CLK (sky130_fd_sc_hd__dfrtp_2)
     5    0.02    0.11    0.38    0.38 ^ _266_/Q (sky130_fd_sc_hd__dfrtp_2)
                                         decoder.delay[16] (net)
                  0.11    0.00    0.38 ^ _207_/A (sky130_fd_sc_hd__xor2_2)
     1    0.00    0.03    0.07    0.45 v _207_/X (sky130_fd_sc_hd__xor2_2)
                                         _007_ (net)
                  0.03    0.00    0.45 v _266_/D (sky130_fd_sc_hd__dfrtp_2)
                                  0.45   data arrival time

                  0.00    0.00    0.00   clock CLK100MHZ (rise edge)
                          0.00    0.00   clock network delay (ideal)
                          0.00    0.00   clock reconvergence pessimism
                                  0.00 ^ _266_/CLK (sky130_fd_sc_hd__dfrtp_2)
                         -0.05   -0.05   library hold time
                                 -0.05   data required time
-----------------------------------------------------------------------------
                                 -0.05   data required time
                                 -0.45   data arrival time
-----------------------------------------------------------------------------
                                  0.49   slack (MET)


Startpoint: _269_ (rising edge-triggered flip-flop clocked by CLK100MHZ)
Endpoint: _269_ (rising edge-triggered flip-flop clocked by CLK100MHZ)
Path Group: CLK100MHZ
Path Type: min

Fanout     Cap    Slew   Delay    Time   Description
-----------------------------------------------------------------------------
                  0.00    0.00    0.00   clock CLK100MHZ (rise edge)
                          0.00    0.00   clock network delay (ideal)
                  0.00    0.00    0.00 ^ _269_/CLK (sky130_fd_sc_hd__dfrtp_2)
     2    0.00    0.04    0.32    0.32 ^ _269_/Q (sky130_fd_sc_hd__dfrtp_2)
                                         decoder.delay[19] (net)
                  0.04    0.00    0.32 ^ _213_/B2 (sky130_fd_sc_hd__o2bb2a_2)
     1    0.00    0.03    0.14    0.46 ^ _213_/X (sky130_fd_sc_hd__o2bb2a_2)
                                         _010_ (net)
                  0.03    0.00    0.46 ^ _269_/D (sky130_fd_sc_hd__dfrtp_2)
                                  0.46   data arrival time

                  0.00    0.00    0.00   clock CLK100MHZ (rise edge)
                          0.00    0.00   clock network delay (ideal)
                          0.00    0.00   clock reconvergence pessimism
                                  0.00 ^ _269_/CLK (sky130_fd_sc_hd__dfrtp_2)
                         -0.04   -0.04   library hold time
                                 -0.04   data required time
-----------------------------------------------------------------------------
                                 -0.04   data required time
                                 -0.46   data arrival time
-----------------------------------------------------------------------------
                                  0.50   slack (MET)


Startpoint: _274_ (rising edge-triggered flip-flop clocked by CLK100MHZ)
Endpoint: _274_ (rising edge-triggered flip-flop clocked by CLK100MHZ)
Path Group: CLK100MHZ
Path Type: min

Fanout     Cap    Slew   Delay    Time   Description
-----------------------------------------------------------------------------
                  0.00    0.00    0.00   clock CLK100MHZ (rise edge)
                          0.00    0.00   clock network delay (ideal)
                  0.00    0.00    0.00 ^ _274_/CLK (sky130_fd_sc_hd__dfrtp_2)
     5    0.02    0.11    0.38    0.38 ^ _274_/Q (sky130_fd_sc_hd__dfrtp_2)
                                         decoder.delay[24] (net)
                  0.11    0.00    0.38 ^ _154_/A (sky130_fd_sc_hd__xnor2_2)
     1    0.00    0.03    0.07    0.45 v _154_/Y (sky130_fd_sc_hd__xnor2_2)
                                         _016_ (net)
                  0.03    0.00    0.45 v _274_/D (sky130_fd_sc_hd__dfrtp_2)
                                  0.45   data arrival time

                  0.00    0.00    0.00   clock CLK100MHZ (rise edge)
                          0.00    0.00   clock network delay (ideal)
                          0.00    0.00   clock reconvergence pessimism
                                  0.00 ^ _274_/CLK (sky130_fd_sc_hd__dfrtp_2)
                         -0.04   -0.04   library hold time
                                 -0.04   data required time
-----------------------------------------------------------------------------
                                 -0.04   data required time
                                 -0.45   data arrival time
-----------------------------------------------------------------------------
                                  0.50   slack (MET)


Startpoint: _263_ (rising edge-triggered flip-flop clocked by CLK100MHZ)
Endpoint: _263_ (rising edge-triggered flip-flop clocked by CLK100MHZ)
Path Group: CLK100MHZ
Path Type: min

Fanout     Cap    Slew   Delay    Time   Description
-----------------------------------------------------------------------------
                  0.00    0.00    0.00   clock CLK100MHZ (rise edge)
                          0.00    0.00   clock network delay (ideal)
                  0.00    0.00    0.00 ^ _263_/CLK (sky130_fd_sc_hd__dfrtp_2)
     4    0.01    0.06    0.33    0.33 ^ _263_/Q (sky130_fd_sc_hd__dfrtp_2)
                                         decoder.delay[13] (net)
                  0.06    0.00    0.33 ^ _202_/A1 (sky130_fd_sc_hd__o21ba_2)
     1    0.00    0.03    0.13    0.46 ^ _202_/X (sky130_fd_sc_hd__o21ba_2)
                                         _004_ (net)
                  0.03    0.00    0.46 ^ _263_/D (sky130_fd_sc_hd__dfrtp_2)
                                  0.46   data arrival time

                  0.00    0.00    0.00   clock CLK100MHZ (rise edge)
                          0.00    0.00   clock network delay (ideal)
                          0.00    0.00   clock reconvergence pessimism
                                  0.00 ^ _263_/CLK (sky130_fd_sc_hd__dfrtp_2)
                         -0.04   -0.04   library hold time
                                 -0.04   data required time
-----------------------------------------------------------------------------
                                 -0.04   data required time
                                 -0.46   data arrival time
-----------------------------------------------------------------------------
                                  0.50   slack (MET)


Startpoint: _267_ (rising edge-triggered flip-flop clocked by CLK100MHZ)
Endpoint: _267_ (rising edge-triggered flip-flop clocked by CLK100MHZ)
Path Group: CLK100MHZ
Path Type: min

Fanout     Cap    Slew   Delay    Time   Description
-----------------------------------------------------------------------------
                  0.00    0.00    0.00   clock CLK100MHZ (rise edge)
                          0.00    0.00   clock network delay (ideal)
                  0.00    0.00    0.00 ^ _267_/CLK (sky130_fd_sc_hd__dfrtp_2)
     4    0.01    0.07    0.34    0.34 ^ _267_/Q (sky130_fd_sc_hd__dfrtp_2)
                                         decoder.delay[17] (net)
                  0.07    0.00    0.34 ^ _208_/B1 (sky130_fd_sc_hd__a21oi_2)
     1    0.00    0.03    0.04    0.38 v _208_/Y (sky130_fd_sc_hd__a21oi_2)
                                         _109_ (net)
                  0.03    0.00    0.38 v _210_/A (sky130_fd_sc_hd__nor2_2)
     1    0.00    0.05    0.08    0.46 ^ _210_/Y (sky130_fd_sc_hd__nor2_2)
                                         _008_ (net)
                  0.05    0.00    0.46 ^ _267_/D (sky130_fd_sc_hd__dfrtp_2)
                                  0.46   data arrival time

                  0.00    0.00    0.00   clock CLK100MHZ (rise edge)
                          0.00    0.00   clock network delay (ideal)
                          0.00    0.00   clock reconvergence pessimism
                                  0.00 ^ _267_/CLK (sky130_fd_sc_hd__dfrtp_2)
                         -0.04   -0.04   library hold time
                                 -0.04   data required time
-----------------------------------------------------------------------------
                                 -0.04   data required time
                                 -0.46   data arrival time
-----------------------------------------------------------------------------
                                  0.50   slack (MET)


Startpoint: _272_ (rising edge-triggered flip-flop clocked by CLK100MHZ)
Endpoint: _272_ (rising edge-triggered flip-flop clocked by CLK100MHZ)
Path Group: CLK100MHZ
Path Type: min

Fanout     Cap    Slew   Delay    Time   Description
-----------------------------------------------------------------------------
                  0.00    0.00    0.00   clock CLK100MHZ (rise edge)
                          0.00    0.00   clock network delay (ideal)
                  0.00    0.00    0.00 ^ _272_/CLK (sky130_fd_sc_hd__dfrtp_2)
     3    0.00    0.05    0.33    0.33 ^ _272_/Q (sky130_fd_sc_hd__dfrtp_2)
                                         decoder.delay[22] (net)
                  0.05    0.00    0.33 ^ _149_/B2 (sky130_fd_sc_hd__o2bb2a_2)
     1    0.00    0.03    0.14    0.47 ^ _149_/X (sky130_fd_sc_hd__o2bb2a_2)
                                         _014_ (net)
                  0.03    0.00    0.47 ^ _272_/D (sky130_fd_sc_hd__dfrtp_2)
                                  0.47   data arrival time

                  0.00    0.00    0.00   clock CLK100MHZ (rise edge)
                          0.00    0.00   clock network delay (ideal)
                          0.00    0.00   clock reconvergence pessimism
                                  0.00 ^ _272_/CLK (sky130_fd_sc_hd__dfrtp_2)
                         -0.04   -0.04   library hold time
                                 -0.04   data required time
-----------------------------------------------------------------------------
                                 -0.04   data required time
                                 -0.47   data arrival time
-----------------------------------------------------------------------------
                                  0.50   slack (MET)


Startpoint: _264_ (rising edge-triggered flip-flop clocked by CLK100MHZ)
Endpoint: _264_ (rising edge-triggered flip-flop clocked by CLK100MHZ)
Path Group: CLK100MHZ
Path Type: min

Fanout     Cap    Slew   Delay    Time   Description
-----------------------------------------------------------------------------
                  0.00    0.00    0.00   clock CLK100MHZ (rise edge)
                          0.00    0.00   clock network delay (ideal)
                  0.00    0.00    0.00 ^ _264_/CLK (sky130_fd_sc_hd__dfrtp_2)
     3    0.01    0.05    0.33    0.33 ^ _264_/Q (sky130_fd_sc_hd__dfrtp_2)
                                         decoder.delay[14] (net)
                  0.05    0.00    0.33 ^ _204_/B2 (sky130_fd_sc_hd__o2bb2a_2)
     1    0.00    0.03    0.14    0.47 ^ _204_/X (sky130_fd_sc_hd__o2bb2a_2)
                                         _005_ (net)
                  0.03    0.00    0.47 ^ _264_/D (sky130_fd_sc_hd__dfrtp_2)
                                  0.47   data arrival time

                  0.00    0.00    0.00   clock CLK100MHZ (rise edge)
                          0.00    0.00   clock network delay (ideal)
                          0.00    0.00   clock reconvergence pessimism
                                  0.00 ^ _264_/CLK (sky130_fd_sc_hd__dfrtp_2)
                         -0.04   -0.04   library hold time
                                 -0.04   data required time
-----------------------------------------------------------------------------
                                 -0.04   data required time
                                 -0.47   data arrival time
-----------------------------------------------------------------------------
                                  0.51   slack (MET)


Startpoint: _249_ (rising edge-triggered flip-flop clocked by CLK100MHZ)
Endpoint: _249_ (rising edge-triggered flip-flop clocked by CLK100MHZ)
Path Group: CLK100MHZ
Path Type: min

Fanout     Cap    Slew   Delay    Time   Description
-----------------------------------------------------------------------------
                  0.00    0.00    0.00   clock CLK100MHZ (rise edge)
                          0.00    0.00   clock network delay (ideal)
                  0.00    0.00    0.00 ^ _249_/CLK (sky130_fd_sc_hd__dfrtp_2)
     6    0.02    0.12    0.39    0.39 ^ _249_/Q (sky130_fd_sc_hd__dfrtp_2)
                                         decoder.count[3] (net)
                  0.12    0.00    0.39 ^ _130_/A (sky130_fd_sc_hd__xor2_2)
     1    0.00    0.03    0.07    0.47 v _130_/X (sky130_fd_sc_hd__xor2_2)
                                         _057_ (net)
                  0.03    0.00    0.47 v _249_/D (sky130_fd_sc_hd__dfrtp_2)
                                  0.47   data arrival time

                  0.00    0.00    0.00   clock CLK100MHZ (rise edge)
                          0.00    0.00   clock network delay (ideal)
                          0.00    0.00   clock reconvergence pessimism
                                  0.00 ^ _249_/CLK (sky130_fd_sc_hd__dfrtp_2)
                         -0.05   -0.05   library hold time
                                 -0.05   data required time
-----------------------------------------------------------------------------
                                 -0.05   data required time
                                 -0.47   data arrival time
-----------------------------------------------------------------------------
                                  0.51   slack (MET)


Startpoint: _247_ (rising edge-triggered flip-flop clocked by CLK100MHZ)
Endpoint: _247_ (rising edge-triggered flip-flop clocked by CLK100MHZ)
Path Group: CLK100MHZ
Path Type: min

Fanout     Cap    Slew   Delay    Time   Description
-----------------------------------------------------------------------------
                  0.00    0.00    0.00   clock CLK100MHZ (rise edge)
                          0.00    0.00   clock network delay (ideal)
                  0.00    0.00    0.00 ^ _247_/CLK (sky130_fd_sc_hd__dfrtp_2)
     9    0.03    0.17    0.43    0.43 ^ _247_/Q (sky130_fd_sc_hd__dfrtp_2)
                                         decoder.count[1] (net)
                  0.17    0.00    0.43 ^ _140_/A (sky130_fd_sc_hd__xor2_2)
     1    0.00    0.03    0.08    0.51 v _140_/X (sky130_fd_sc_hd__xor2_2)
                                         _055_ (net)
                  0.03    0.00    0.51 v _247_/D (sky130_fd_sc_hd__dfrtp_2)
                                  0.51   data arrival time

                  0.00    0.00    0.00   clock CLK100MHZ (rise edge)
                          0.00    0.00   clock network delay (ideal)
                          0.00    0.00   clock reconvergence pessimism
                                  0.00 ^ _247_/CLK (sky130_fd_sc_hd__dfrtp_2)
                         -0.05   -0.05   library hold time
                                 -0.05   data required time
-----------------------------------------------------------------------------
                                 -0.05   data required time
                                 -0.51   data arrival time
-----------------------------------------------------------------------------
                                  0.56   slack (MET)


Startpoint: _260_ (rising edge-triggered flip-flop clocked by CLK100MHZ)
Endpoint: _260_ (rising edge-triggered flip-flop clocked by CLK100MHZ)
Path Group: CLK100MHZ
Path Type: min

Fanout     Cap    Slew   Delay    Time   Description
-----------------------------------------------------------------------------
                  0.00    0.00    0.00   clock CLK100MHZ (rise edge)
                          0.00    0.00   clock network delay (ideal)
                  0.00    0.00    0.00 ^ _260_/CLK (sky130_fd_sc_hd__dfrtp_2)
     3    0.01    0.05    0.33    0.33 ^ _260_/Q (sky130_fd_sc_hd__dfrtp_2)
                                         decoder.delay[10] (net)
                  0.05    0.00    0.33 ^ _193_/B1 (sky130_fd_sc_hd__a31o_2)
     1    0.00    0.03    0.09    0.41 ^ _193_/X (sky130_fd_sc_hd__a31o_2)
                                         _101_ (net)
                  0.03    0.00    0.41 ^ _194_/B1_N (sky130_fd_sc_hd__a21boi_2)
     1    0.00    0.06    0.12    0.54 ^ _194_/Y (sky130_fd_sc_hd__a21boi_2)
                                         _001_ (net)
                  0.06    0.00    0.54 ^ _260_/D (sky130_fd_sc_hd__dfrtp_2)
                                  0.54   data arrival time

                  0.00    0.00    0.00   clock CLK100MHZ (rise edge)
                          0.00    0.00   clock network delay (ideal)
                          0.00    0.00   clock reconvergence pessimism
                                  0.00 ^ _260_/CLK (sky130_fd_sc_hd__dfrtp_2)
                         -0.04   -0.04   library hold time
                                 -0.04   data required time
-----------------------------------------------------------------------------
                                 -0.04   data required time
                                 -0.54   data arrival time
-----------------------------------------------------------------------------
                                  0.58   slack (MET)


Startpoint: _246_ (rising edge-triggered flip-flop clocked by CLK100MHZ)
Endpoint: _246_ (rising edge-triggered flip-flop clocked by CLK100MHZ)
Path Group: CLK100MHZ
Path Type: min

Fanout     Cap    Slew   Delay    Time   Description
-----------------------------------------------------------------------------
                  0.00    0.00    0.00   clock CLK100MHZ (rise edge)
                          0.00    0.00   clock network delay (ideal)
                  0.00    0.00    0.00 ^ _246_/CLK (sky130_fd_sc_hd__dfrtp_2)
     6    0.02    0.08    0.42    0.42 v _246_/Q (sky130_fd_sc_hd__dfrtp_2)
                                         decoder.count[0] (net)
                  0.08    0.00    0.42 v _141_/A (sky130_fd_sc_hd__inv_2)
     2    0.01    0.05    0.08    0.50 ^ _141_/Y (sky130_fd_sc_hd__inv_2)
                                         _071_ (net)
                  0.05    0.00    0.50 ^ _142_/A1 (sky130_fd_sc_hd__a21oi_2)
     1    0.00    0.03    0.04    0.54 v _142_/Y (sky130_fd_sc_hd__a21oi_2)
                                         _054_ (net)
                  0.03    0.00    0.54 v _246_/D (sky130_fd_sc_hd__dfrtp_2)
                                  0.54   data arrival time

                  0.00    0.00    0.00   clock CLK100MHZ (rise edge)
                          0.00    0.00   clock network delay (ideal)
                          0.00    0.00   clock reconvergence pessimism
                                  0.00 ^ _246_/CLK (sky130_fd_sc_hd__dfrtp_2)
                         -0.05   -0.05   library hold time
                                 -0.05   data required time
-----------------------------------------------------------------------------
                                 -0.05   data required time
                                 -0.54   data arrival time
-----------------------------------------------------------------------------
                                  0.58   slack (MET)


Startpoint: _273_ (rising edge-triggered flip-flop clocked by CLK100MHZ)
Endpoint: _273_ (rising edge-triggered flip-flop clocked by CLK100MHZ)
Path Group: CLK100MHZ
Path Type: min

Fanout     Cap    Slew   Delay    Time   Description
-----------------------------------------------------------------------------
                  0.00    0.00    0.00   clock CLK100MHZ (rise edge)
                          0.00    0.00   clock network delay (ideal)
                  0.00    0.00    0.00 ^ _273_/CLK (sky130_fd_sc_hd__dfrtp_2)
     2    0.00    0.05    0.32    0.32 ^ _273_/Q (sky130_fd_sc_hd__dfrtp_2)
                                         decoder.delay[23] (net)
                  0.05    0.00    0.32 ^ _151_/B1 (sky130_fd_sc_hd__a21o_2)
     1    0.00    0.02    0.07    0.40 ^ _151_/X (sky130_fd_sc_hd__a21o_2)
                                         _077_ (net)
                  0.02    0.00    0.40 ^ _152_/B (sky130_fd_sc_hd__and2_2)
     1    0.00    0.03    0.12    0.51 ^ _152_/X (sky130_fd_sc_hd__and2_2)
                                         _078_ (net)
                  0.03    0.00    0.51 ^ _153_/A (sky130_fd_sc_hd__buf_1)
     1    0.00    0.04    0.07    0.58 ^ _153_/X (sky130_fd_sc_hd__buf_1)
                                         _015_ (net)
                  0.04    0.00    0.58 ^ _273_/D (sky130_fd_sc_hd__dfrtp_2)
                                  0.58   data arrival time

                  0.00    0.00    0.00   clock CLK100MHZ (rise edge)
                          0.00    0.00   clock network delay (ideal)
                          0.00    0.00   clock reconvergence pessimism
                                  0.00 ^ _273_/CLK (sky130_fd_sc_hd__dfrtp_2)
                         -0.04   -0.04   library hold time
                                 -0.04   data required time
-----------------------------------------------------------------------------
                                 -0.04   data required time
                                 -0.58   data arrival time
-----------------------------------------------------------------------------
                                  0.62   slack (MET)


Startpoint: _257_ (rising edge-triggered flip-flop clocked by CLK100MHZ)
Endpoint: _257_ (rising edge-triggered flip-flop clocked by CLK100MHZ)
Path Group: CLK100MHZ
Path Type: min

Fanout     Cap    Slew   Delay    Time   Description
-----------------------------------------------------------------------------
                  0.00    0.00    0.00   clock CLK100MHZ (rise edge)
                          0.00    0.00   clock network delay (ideal)
                  0.00    0.00    0.00 ^ _257_/CLK (sky130_fd_sc_hd__dfrtp_2)
     3    0.01    0.05    0.33    0.33 ^ _257_/Q (sky130_fd_sc_hd__dfrtp_2)
                                         decoder.delay[7] (net)
                  0.05    0.00    0.33 ^ _184_/B1 (sky130_fd_sc_hd__a21o_2)
     1    0.00    0.02    0.08    0.41 ^ _184_/X (sky130_fd_sc_hd__a21o_2)
                                         _095_ (net)
                  0.02    0.00    0.41 ^ _185_/B (sky130_fd_sc_hd__and2b_2)
     1    0.00    0.03    0.12    0.52 ^ _185_/X (sky130_fd_sc_hd__and2b_2)
                                         _096_ (net)
                  0.03    0.00    0.52 ^ _186_/A (sky130_fd_sc_hd__buf_1)
     1    0.00    0.04    0.07    0.59 ^ _186_/X (sky130_fd_sc_hd__buf_1)
                                         _022_ (net)
                  0.04    0.00    0.59 ^ _257_/D (sky130_fd_sc_hd__dfrtp_2)
                                  0.59   data arrival time

                  0.00    0.00    0.00   clock CLK100MHZ (rise edge)
                          0.00    0.00   clock network delay (ideal)
                          0.00    0.00   clock reconvergence pessimism
                                  0.00 ^ _257_/CLK (sky130_fd_sc_hd__dfrtp_2)
                         -0.04   -0.04   library hold time
                                 -0.04   data required time
-----------------------------------------------------------------------------
                                 -0.04   data required time
                                 -0.59   data arrival time
-----------------------------------------------------------------------------
                                  0.63   slack (MET)


Startpoint: _253_ (rising edge-triggered flip-flop clocked by CLK100MHZ)
Endpoint: _253_ (rising edge-triggered flip-flop clocked by CLK100MHZ)
Path Group: CLK100MHZ
Path Type: min

Fanout     Cap    Slew   Delay    Time   Description
-----------------------------------------------------------------------------
                  0.00    0.00    0.00   clock CLK100MHZ (rise edge)
                          0.00    0.00   clock network delay (ideal)
                  0.00    0.00    0.00 ^ _253_/CLK (sky130_fd_sc_hd__dfrtp_2)
     2    0.00    0.05    0.32    0.32 ^ _253_/Q (sky130_fd_sc_hd__dfrtp_2)
                                         decoder.delay[3] (net)
                  0.05    0.00    0.32 ^ _171_/B1 (sky130_fd_sc_hd__a31o_2)
     1    0.00    0.03    0.08    0.41 ^ _171_/X (sky130_fd_sc_hd__a31o_2)
                                         _086_ (net)
                  0.03    0.00    0.41 ^ _172_/B (sky130_fd_sc_hd__and2b_2)
     1    0.00    0.03    0.12    0.52 ^ _172_/X (sky130_fd_sc_hd__and2b_2)
                                         _087_ (net)
                  0.03    0.00    0.52 ^ _173_/A (sky130_fd_sc_hd__buf_1)
     1    0.00    0.04    0.07    0.59 ^ _173_/X (sky130_fd_sc_hd__buf_1)
                                         _018_ (net)
                  0.04    0.00    0.59 ^ _253_/D (sky130_fd_sc_hd__dfrtp_2)
                                  0.59   data arrival time

                  0.00    0.00    0.00   clock CLK100MHZ (rise edge)
                          0.00    0.00   clock network delay (ideal)
                          0.00    0.00   clock reconvergence pessimism
                                  0.00 ^ _253_/CLK (sky130_fd_sc_hd__dfrtp_2)
                         -0.04   -0.04   library hold time
                                 -0.04   data required time
-----------------------------------------------------------------------------
                                 -0.04   data required time
                                 -0.59   data arrival time
-----------------------------------------------------------------------------
                                  0.63   slack (MET)


Startpoint: _274_ (rising edge-triggered flip-flop clocked by CLK100MHZ)
Endpoint: _248_ (rising edge-triggered flip-flop clocked by CLK100MHZ)
Path Group: CLK100MHZ
Path Type: min

Fanout     Cap    Slew   Delay    Time   Description
-----------------------------------------------------------------------------
                  0.00    0.00    0.00   clock CLK100MHZ (rise edge)
                          0.00    0.00   clock network delay (ideal)
                  0.00    0.00    0.00 ^ _274_/CLK (sky130_fd_sc_hd__dfrtp_2)
     5    0.02    0.11    0.38    0.38 ^ _274_/Q (sky130_fd_sc_hd__dfrtp_2)
                                         decoder.delay[24] (net)
                  0.11    0.00    0.38 ^ _137_/A1 (sky130_fd_sc_hd__a31o_2)
     1    0.00    0.04    0.16    0.54 ^ _137_/X (sky130_fd_sc_hd__a31o_2)
                                         _069_ (net)
                  0.04    0.00    0.54 ^ _138_/B1 (sky130_fd_sc_hd__o31ai_2)
     1    0.00    0.02    0.05    0.59 v _138_/Y (sky130_fd_sc_hd__o31ai_2)
                                         _056_ (net)
                  0.02    0.00    0.59 v _248_/D (sky130_fd_sc_hd__dfrtp_2)
                                  0.59   data arrival time

                  0.00    0.00    0.00   clock CLK100MHZ (rise edge)
                          0.00    0.00   clock network delay (ideal)
                          0.00    0.00   clock reconvergence pessimism
                                  0.00 ^ _248_/CLK (sky130_fd_sc_hd__dfrtp_2)
                         -0.04   -0.04   library hold time
                                 -0.04   data required time
-----------------------------------------------------------------------------
                                 -0.04   data required time
                                 -0.59   data arrival time
-----------------------------------------------------------------------------
                                  0.63   slack (MET)


Startpoint: _261_ (rising edge-triggered flip-flop clocked by CLK100MHZ)
Endpoint: _261_ (rising edge-triggered flip-flop clocked by CLK100MHZ)
Path Group: CLK100MHZ
Path Type: min

Fanout     Cap    Slew   Delay    Time   Description
-----------------------------------------------------------------------------
                  0.00    0.00    0.00   clock CLK100MHZ (rise edge)
                          0.00    0.00   clock network delay (ideal)
                  0.00    0.00    0.00 ^ _261_/CLK (sky130_fd_sc_hd__dfrtp_2)
     3    0.01    0.06    0.34    0.34 ^ _261_/Q (sky130_fd_sc_hd__dfrtp_2)
                                         decoder.delay[11] (net)
                  0.06    0.00    0.34 ^ _195_/B1 (sky130_fd_sc_hd__a21oi_2)
     1    0.00    0.02    0.03    0.37 v _195_/Y (sky130_fd_sc_hd__a21oi_2)
                                         _102_ (net)
                  0.02    0.00    0.37 v _197_/A_N (sky130_fd_sc_hd__and2b_2)
     1    0.00    0.03    0.18    0.55 ^ _197_/X (sky130_fd_sc_hd__and2b_2)
                                         _104_ (net)
                  0.03    0.00    0.55 ^ _198_/A (sky130_fd_sc_hd__buf_1)
     1    0.00    0.04    0.07    0.62 ^ _198_/X (sky130_fd_sc_hd__buf_1)
                                         _002_ (net)
                  0.04    0.00    0.62 ^ _261_/D (sky130_fd_sc_hd__dfrtp_2)
                                  0.62   data arrival time

                  0.00    0.00    0.00   clock CLK100MHZ (rise edge)
                          0.00    0.00   clock network delay (ideal)
                          0.00    0.00   clock reconvergence pessimism
                                  0.00 ^ _261_/CLK (sky130_fd_sc_hd__dfrtp_2)
                         -0.04   -0.04   library hold time
                                 -0.04   data required time
-----------------------------------------------------------------------------
                                 -0.04   data required time
                                 -0.62   data arrival time
-----------------------------------------------------------------------------
                                  0.66   slack (MET)


Startpoint: _251_ (rising edge-triggered flip-flop clocked by CLK100MHZ)
Endpoint: _251_ (rising edge-triggered flip-flop clocked by CLK100MHZ)
Path Group: CLK100MHZ
Path Type: min

Fanout     Cap    Slew   Delay    Time   Description
-----------------------------------------------------------------------------
                  0.00    0.00    0.00   clock CLK100MHZ (rise edge)
                          0.00    0.00   clock network delay (ideal)
                  0.00    0.00    0.00 ^ _251_/CLK (sky130_fd_sc_hd__dfrtp_2)
     4    0.01    0.07    0.35    0.35 ^ _251_/Q (sky130_fd_sc_hd__dfrtp_2)
                                         decoder.delay[1] (net)
                  0.07    0.00    0.35 ^ _167_/A (sky130_fd_sc_hd__or2_2)
     1    0.00    0.02    0.10    0.45 ^ _167_/X (sky130_fd_sc_hd__or2_2)
                                         _084_ (net)
                  0.02    0.00    0.45 ^ _168_/B (sky130_fd_sc_hd__and2_2)
     1    0.00    0.03    0.12    0.57 ^ _168_/X (sky130_fd_sc_hd__and2_2)
                                         _085_ (net)
                  0.03    0.00    0.57 ^ _169_/A (sky130_fd_sc_hd__buf_1)
     1    0.00    0.04    0.07    0.64 ^ _169_/X (sky130_fd_sc_hd__buf_1)
                                         _011_ (net)
                  0.04    0.00    0.64 ^ _251_/D (sky130_fd_sc_hd__dfrtp_2)
                                  0.64   data arrival time

                  0.00    0.00    0.00   clock CLK100MHZ (rise edge)
                          0.00    0.00   clock network delay (ideal)
                          0.00    0.00   clock reconvergence pessimism
                                  0.00 ^ _251_/CLK (sky130_fd_sc_hd__dfrtp_2)
                         -0.04   -0.04   library hold time
                                 -0.04   data required time
-----------------------------------------------------------------------------
                                 -0.04   data required time
                                 -0.64   data arrival time
-----------------------------------------------------------------------------
                                  0.68   slack (MET)


Startpoint: _258_ (rising edge-triggered flip-flop clocked by CLK100MHZ)
Endpoint: _258_ (rising edge-triggered flip-flop clocked by CLK100MHZ)
Path Group: CLK100MHZ
Path Type: min

Fanout     Cap    Slew   Delay    Time   Description
-----------------------------------------------------------------------------
                  0.00    0.00    0.00   clock CLK100MHZ (rise edge)
                          0.00    0.00   clock network delay (ideal)
                  0.00    0.00    0.00 ^ _258_/CLK (sky130_fd_sc_hd__dfrtp_2)
     5    0.01    0.09    0.37    0.37 ^ _258_/Q (sky130_fd_sc_hd__dfrtp_2)
                                         decoder.delay[8] (net)
                  0.09    0.00    0.37 ^ _187_/A (sky130_fd_sc_hd__nor2_2)
     1    0.00    0.03    0.04    0.41 v _187_/Y (sky130_fd_sc_hd__nor2_2)
                                         _097_ (net)
                  0.03    0.00    0.41 v _189_/A_N (sky130_fd_sc_hd__and2b_2)
     1    0.00    0.03    0.19    0.59 ^ _189_/X (sky130_fd_sc_hd__and2b_2)
                                         _099_ (net)
                  0.03    0.00    0.59 ^ _190_/A (sky130_fd_sc_hd__buf_1)
     1    0.00    0.04    0.07    0.66 ^ _190_/X (sky130_fd_sc_hd__buf_1)
                                         _023_ (net)
                  0.04    0.00    0.66 ^ _258_/D (sky130_fd_sc_hd__dfrtp_2)
                                  0.66   data arrival time

                  0.00    0.00    0.00   clock CLK100MHZ (rise edge)
                          0.00    0.00   clock network delay (ideal)
                          0.00    0.00   clock reconvergence pessimism
                                  0.00 ^ _258_/CLK (sky130_fd_sc_hd__dfrtp_2)
                         -0.04   -0.04   library hold time
                                 -0.04   data required time
-----------------------------------------------------------------------------
                                 -0.04   data required time
                                 -0.66   data arrival time
-----------------------------------------------------------------------------
                                  0.70   slack (MET)



worst slack corner Typical: 0.4385
