
===========================================================================
report_checks -unconstrained
===========================================================================
======================= Fastest Corner ===================================

Startpoint: A[2] (input port clocked by __VIRTUAL_CLK__)
Endpoint: out[5] (output port clocked by __VIRTUAL_CLK__)
Path Group: __VIRTUAL_CLK__
Path Type: max
Corner: Fastest

Fanout     Cap    Slew   Delay    Time   Description
-----------------------------------------------------------------------------
                  0.00    0.00    0.00   clock __VIRTUAL_CLK__ (rise edge)
                          0.00    0.00   clock network delay (ideal)
                          2.00    2.00 ^ input external delay
     1    0.00    0.02    0.01    2.01 ^ A[2] (in)
                                         A[2] (net)
                  0.02    0.00    2.01 ^ input3/A (sky130_fd_sc_hd__clkbuf_2)
     4    0.04    0.17    0.16    2.17 ^ input3/X (sky130_fd_sc_hd__clkbuf_2)
                                         net3 (net)
                  0.17    0.00    2.17 ^ _176_/A (sky130_fd_sc_hd__buf_4)
    10    0.08    0.17    0.20    2.38 ^ _176_/X (sky130_fd_sc_hd__buf_4)
                                         _104_ (net)
                  0.17    0.00    2.38 ^ _194_/B1 (sky130_fd_sc_hd__a22o_1)
     3    0.03    0.24    0.24    2.62 ^ _194_/X (sky130_fd_sc_hd__a22o_1)
                                         _122_ (net)
                  0.24    0.01    2.62 ^ _196_/A3 (sky130_fd_sc_hd__a31o_1)
     2    0.04    0.25    0.27    2.89 ^ _196_/X (sky130_fd_sc_hd__a31o_1)
                                         _124_ (net)
                  0.25    0.00    2.89 ^ _198_/C (sky130_fd_sc_hd__and3_1)
     2    0.02    0.17    0.23    3.12 ^ _198_/X (sky130_fd_sc_hd__and3_1)
                                         _126_ (net)
                  0.17    0.00    3.12 ^ _208_/A_N (sky130_fd_sc_hd__and2b_1)
     1    0.02    0.06    0.17    3.29 v _208_/X (sky130_fd_sc_hd__and2b_1)
                                         _136_ (net)
                  0.06    0.00    3.29 v _209_/B (sky130_fd_sc_hd__xnor2_4)
     3    0.05    0.28    0.26    3.54 ^ _209_/Y (sky130_fd_sc_hd__xnor2_4)
                                         _137_ (net)
                  0.28    0.01    3.55 ^ _210_/C (sky130_fd_sc_hd__nand3_4)
     3    0.05    0.14    0.13    3.68 v _210_/Y (sky130_fd_sc_hd__nand3_4)
                                         _138_ (net)
                  0.14    0.00    3.68 v _219_/A2 (sky130_fd_sc_hd__a21oi_2)
     1    0.03    0.25    0.27    3.95 ^ _219_/Y (sky130_fd_sc_hd__a21oi_2)
                                         _147_ (net)
                  0.25    0.00    3.95 ^ _221_/A (sky130_fd_sc_hd__nor2_1)
     1    0.01    0.09    0.09    4.04 v _221_/Y (sky130_fd_sc_hd__nor2_1)
                                         _149_ (net)
                  0.09    0.00    4.04 v _267_/A2 (sky130_fd_sc_hd__a211o_1)
     1    0.02    0.10    0.28    4.32 v _267_/X (sky130_fd_sc_hd__a211o_1)
                                         net25 (net)
                  0.10    0.00    4.32 v output25/A (sky130_fd_sc_hd__buf_2)
     1    0.03    0.06    0.15    4.47 v output25/X (sky130_fd_sc_hd__buf_2)
                                         out[5] (net)
                  0.06    0.00    4.47 v out[5] (out)
                                  4.47   data arrival time

                  0.00   10.00   10.00   clock __VIRTUAL_CLK__ (rise edge)
                          0.00   10.00   clock network delay (ideal)
                         -0.25    9.75   clock uncertainty
                          0.00    9.75   clock reconvergence pessimism
                         -2.00    7.75   output external delay
                                  7.75   data required time
-----------------------------------------------------------------------------
                                  7.75   data required time
                                 -4.47   data arrival time
-----------------------------------------------------------------------------
                                  3.28   slack (MET)



======================= Slowest Corner ===================================

Startpoint: A[2] (input port clocked by __VIRTUAL_CLK__)
Endpoint: out[5] (output port clocked by __VIRTUAL_CLK__)
Path Group: __VIRTUAL_CLK__
Path Type: max
Corner: Slowest

Fanout     Cap    Slew   Delay    Time   Description
-----------------------------------------------------------------------------
                  0.00    0.00    0.00   clock __VIRTUAL_CLK__ (rise edge)
                          0.00    0.00   clock network delay (ideal)
                          2.00    2.00 ^ input external delay
     1    0.00    0.03    0.02    2.02 ^ A[2] (in)
                                         A[2] (net)
                  0.03    0.00    2.02 ^ input3/A (sky130_fd_sc_hd__clkbuf_2)
     4    0.04    0.34    0.38    2.40 ^ input3/X (sky130_fd_sc_hd__clkbuf_2)
                                         net3 (net)
                  0.34    0.00    2.40 ^ _176_/A (sky130_fd_sc_hd__buf_4)
    10    0.08    0.35    0.56    2.96 ^ _176_/X (sky130_fd_sc_hd__buf_4)
                                         _104_ (net)
                  0.35    0.00    2.97 ^ _194_/B1 (sky130_fd_sc_hd__a22o_1)
     3    0.03    0.51    0.70    3.67 ^ _194_/X (sky130_fd_sc_hd__a22o_1)
                                         _122_ (net)
                  0.51    0.01    3.68 ^ _196_/A3 (sky130_fd_sc_hd__a31o_1)
     2    0.03    0.54    0.82    4.50 ^ _196_/X (sky130_fd_sc_hd__a31o_1)
                                         _124_ (net)
                  0.54    0.00    4.50 ^ _198_/C (sky130_fd_sc_hd__and3_1)
     2    0.02    0.36    0.70    5.21 ^ _198_/X (sky130_fd_sc_hd__and3_1)
                                         _126_ (net)
                  0.36    0.00    5.21 ^ _208_/A_N (sky130_fd_sc_hd__and2b_1)
     1    0.02    0.18    0.60    5.81 v _208_/X (sky130_fd_sc_hd__and2b_1)
                                         _136_ (net)
                  0.18    0.00    5.81 v _209_/B (sky130_fd_sc_hd__xnor2_4)
     3    0.05    0.58    0.58    6.40 ^ _209_/Y (sky130_fd_sc_hd__xnor2_4)
                                         _137_ (net)
                  0.58    0.01    6.40 ^ _210_/C (sky130_fd_sc_hd__nand3_4)
     3    0.05    0.38    0.53    6.93 v _210_/Y (sky130_fd_sc_hd__nand3_4)
                                         _138_ (net)
                  0.38    0.00    6.93 v _219_/A2 (sky130_fd_sc_hd__a21oi_2)
     1    0.03    0.55    0.67    7.60 ^ _219_/Y (sky130_fd_sc_hd__a21oi_2)
                                         _147_ (net)
                  0.55    0.00    7.61 ^ _221_/A (sky130_fd_sc_hd__nor2_1)
     1    0.01    0.20    0.37    7.98 v _221_/Y (sky130_fd_sc_hd__nor2_1)
                                         _149_ (net)
                  0.20    0.00    7.98 v _267_/A2 (sky130_fd_sc_hd__a211o_1)
     1    0.02    0.25    0.80    8.79 v _267_/X (sky130_fd_sc_hd__a211o_1)
                                         net25 (net)
                  0.25    0.00    8.79 v output25/A (sky130_fd_sc_hd__buf_2)
     1    0.03    0.17    0.45    9.24 v output25/X (sky130_fd_sc_hd__buf_2)
                                         out[5] (net)
                  0.17    0.00    9.24 v out[5] (out)
                                  9.24   data arrival time

                  0.00   10.00   10.00   clock __VIRTUAL_CLK__ (rise edge)
                          0.00   10.00   clock network delay (ideal)
                         -0.25    9.75   clock uncertainty
                          0.00    9.75   clock reconvergence pessimism
                         -2.00    7.75   output external delay
                                  7.75   data required time
-----------------------------------------------------------------------------
                                  7.75   data required time
                                 -9.24   data arrival time
-----------------------------------------------------------------------------
                                 -1.49   slack (VIOLATED)



======================= Typical Corner ===================================

Startpoint: A[2] (input port clocked by __VIRTUAL_CLK__)
Endpoint: out[5] (output port clocked by __VIRTUAL_CLK__)
Path Group: __VIRTUAL_CLK__
Path Type: max
Corner: Typical

Fanout     Cap    Slew   Delay    Time   Description
-----------------------------------------------------------------------------
                  0.00    0.00    0.00   clock __VIRTUAL_CLK__ (rise edge)
                          0.00    0.00   clock network delay (ideal)
                          2.00    2.00 ^ input external delay
     1    0.00    0.02    0.01    2.01 ^ A[2] (in)
                                         A[2] (net)
                  0.02    0.00    2.01 ^ input3/A (sky130_fd_sc_hd__clkbuf_2)
     4    0.04    0.22    0.23    2.24 ^ input3/X (sky130_fd_sc_hd__clkbuf_2)
                                         net3 (net)
                  0.22    0.00    2.24 ^ _176_/A (sky130_fd_sc_hd__buf_4)
    10    0.08    0.22    0.31    2.55 ^ _176_/X (sky130_fd_sc_hd__buf_4)
                                         _104_ (net)
                  0.22    0.00    2.55 ^ _194_/B1 (sky130_fd_sc_hd__a22o_1)
     3    0.03    0.32    0.38    2.93 ^ _194_/X (sky130_fd_sc_hd__a22o_1)
                                         _122_ (net)
                  0.32    0.01    2.94 ^ _196_/A3 (sky130_fd_sc_hd__a31o_1)
     2    0.04    0.34    0.42    3.36 ^ _196_/X (sky130_fd_sc_hd__a31o_1)
                                         _124_ (net)
                  0.34    0.00    3.36 ^ _198_/C (sky130_fd_sc_hd__and3_1)
     2    0.02    0.23    0.36    3.72 ^ _198_/X (sky130_fd_sc_hd__and3_1)
                                         _126_ (net)
                  0.23    0.00    3.72 ^ _208_/A_N (sky130_fd_sc_hd__and2b_1)
     1    0.02    0.09    0.28    4.00 v _208_/X (sky130_fd_sc_hd__and2b_1)
                                         _136_ (net)
                  0.09    0.00    4.00 v _209_/B (sky130_fd_sc_hd__xnor2_4)
     3    0.05    0.37    0.35    4.36 ^ _209_/Y (sky130_fd_sc_hd__xnor2_4)
                                         _137_ (net)
                  0.37    0.01    4.36 ^ _210_/C (sky130_fd_sc_hd__nand3_4)
     3    0.05    0.19    0.23    4.59 v _210_/Y (sky130_fd_sc_hd__nand3_4)
                                         _138_ (net)
                  0.19    0.00    4.60 v _219_/A2 (sky130_fd_sc_hd__a21oi_2)
     1    0.03    0.34    0.38    4.98 ^ _219_/Y (sky130_fd_sc_hd__a21oi_2)
                                         _147_ (net)
                  0.34    0.00    4.98 ^ _221_/A (sky130_fd_sc_hd__nor2_1)
     1    0.01    0.12    0.17    5.15 v _221_/Y (sky130_fd_sc_hd__nor2_1)
                                         _149_ (net)
                  0.12    0.00    5.16 v _267_/A2 (sky130_fd_sc_hd__a211o_1)
     1    0.02    0.14    0.43    5.59 v _267_/X (sky130_fd_sc_hd__a211o_1)
                                         net25 (net)
                  0.14    0.00    5.59 v output25/A (sky130_fd_sc_hd__buf_2)
     1    0.03    0.09    0.23    5.82 v output25/X (sky130_fd_sc_hd__buf_2)
                                         out[5] (net)
                  0.09    0.00    5.83 v out[5] (out)
                                  5.83   data arrival time

                  0.00   10.00   10.00   clock __VIRTUAL_CLK__ (rise edge)
                          0.00   10.00   clock network delay (ideal)
                         -0.25    9.75   clock uncertainty
                          0.00    9.75   clock reconvergence pessimism
                         -2.00    7.75   output external delay
                                  7.75   data required time
-----------------------------------------------------------------------------
                                  7.75   data required time
                                 -5.83   data arrival time
-----------------------------------------------------------------------------
                                  1.92   slack (MET)




===========================================================================
report_checks --slack_max -0.01
============================================================================
======================= Fastest Corner ===================================

No paths found.

======================= Slowest Corner ===================================

Startpoint: A[2] (input port clocked by __VIRTUAL_CLK__)
Endpoint: out[5] (output port clocked by __VIRTUAL_CLK__)
Path Group: __VIRTUAL_CLK__
Path Type: max
Corner: Slowest

Fanout     Cap    Slew   Delay    Time   Description
-----------------------------------------------------------------------------
                  0.00    0.00    0.00   clock __VIRTUAL_CLK__ (rise edge)
                          0.00    0.00   clock network delay (ideal)
                          2.00    2.00 ^ input external delay
     1    0.00    0.03    0.02    2.02 ^ A[2] (in)
                                         A[2] (net)
                  0.03    0.00    2.02 ^ input3/A (sky130_fd_sc_hd__clkbuf_2)
     4    0.04    0.34    0.38    2.40 ^ input3/X (sky130_fd_sc_hd__clkbuf_2)
                                         net3 (net)
                  0.34    0.00    2.40 ^ _176_/A (sky130_fd_sc_hd__buf_4)
    10    0.08    0.35    0.56    2.96 ^ _176_/X (sky130_fd_sc_hd__buf_4)
                                         _104_ (net)
                  0.35    0.00    2.97 ^ _194_/B1 (sky130_fd_sc_hd__a22o_1)
     3    0.03    0.51    0.70    3.67 ^ _194_/X (sky130_fd_sc_hd__a22o_1)
                                         _122_ (net)
                  0.51    0.01    3.68 ^ _196_/A3 (sky130_fd_sc_hd__a31o_1)
     2    0.03    0.54    0.82    4.50 ^ _196_/X (sky130_fd_sc_hd__a31o_1)
                                         _124_ (net)
                  0.54    0.00    4.50 ^ _198_/C (sky130_fd_sc_hd__and3_1)
     2    0.02    0.36    0.70    5.21 ^ _198_/X (sky130_fd_sc_hd__and3_1)
                                         _126_ (net)
                  0.36    0.00    5.21 ^ _208_/A_N (sky130_fd_sc_hd__and2b_1)
     1    0.02    0.18    0.60    5.81 v _208_/X (sky130_fd_sc_hd__and2b_1)
                                         _136_ (net)
                  0.18    0.00    5.81 v _209_/B (sky130_fd_sc_hd__xnor2_4)
     3    0.05    0.58    0.58    6.40 ^ _209_/Y (sky130_fd_sc_hd__xnor2_4)
                                         _137_ (net)
                  0.58    0.01    6.40 ^ _210_/C (sky130_fd_sc_hd__nand3_4)
     3    0.05    0.38    0.53    6.93 v _210_/Y (sky130_fd_sc_hd__nand3_4)
                                         _138_ (net)
                  0.38    0.00    6.93 v _219_/A2 (sky130_fd_sc_hd__a21oi_2)
     1    0.03    0.55    0.67    7.60 ^ _219_/Y (sky130_fd_sc_hd__a21oi_2)
                                         _147_ (net)
                  0.55    0.00    7.61 ^ _221_/A (sky130_fd_sc_hd__nor2_1)
     1    0.01    0.20    0.37    7.98 v _221_/Y (sky130_fd_sc_hd__nor2_1)
                                         _149_ (net)
                  0.20    0.00    7.98 v _267_/A2 (sky130_fd_sc_hd__a211o_1)
     1    0.02    0.25    0.80    8.79 v _267_/X (sky130_fd_sc_hd__a211o_1)
                                         net25 (net)
                  0.25    0.00    8.79 v output25/A (sky130_fd_sc_hd__buf_2)
     1    0.03    0.17    0.45    9.24 v output25/X (sky130_fd_sc_hd__buf_2)
                                         out[5] (net)
                  0.17    0.00    9.24 v out[5] (out)
                                  9.24   data arrival time

                  0.00   10.00   10.00   clock __VIRTUAL_CLK__ (rise edge)
                          0.00   10.00   clock network delay (ideal)
                         -0.25    9.75   clock uncertainty
                          0.00    9.75   clock reconvergence pessimism
                         -2.00    7.75   output external delay
                                  7.75   data required time
-----------------------------------------------------------------------------
                                  7.75   data required time
                                 -9.24   data arrival time
-----------------------------------------------------------------------------
                                 -1.49   slack (VIOLATED)



======================= Typical Corner ===================================

No paths found.


===========================================================================
 report_check_types -max_slew -max_cap -max_fanout -violators
============================================================================
======================= Fastest Corner ===================================


max slew violations count Fastest: 0
max fanout violations count Fastest: 0
max cap violations count Fastest: 0
======================= Slowest Corner ===================================

max slew

Pin                                    Limit    Slew   Slack
------------------------------------------------------------
_322_/B1                                0.75    0.94   -0.19 (VIOLATED)
_309_/B1                                0.75    0.94   -0.19 (VIOLATED)
_340_/B                                 0.75    0.94   -0.19 (VIOLATED)
_232_/B1                                0.75    0.94   -0.19 (VIOLATED)
_298_/B1                                0.75    0.94   -0.19 (VIOLATED)
_332_/B1                                0.75    0.94   -0.19 (VIOLATED)
_228_/Y                                 0.75    0.94   -0.19 (VIOLATED)
_324_/A3                                0.75    0.91   -0.16 (VIOLATED)
_303_/B                                 0.75    0.91   -0.16 (VIOLATED)
_299_/A3                                0.75    0.91   -0.16 (VIOLATED)
_233_/A3                                0.75    0.91   -0.16 (VIOLATED)
_312_/A3                                0.75    0.91   -0.16 (VIOLATED)
_341_/A3                                0.75    0.91   -0.16 (VIOLATED)
_334_/A3                                0.75    0.91   -0.16 (VIOLATED)
_223_/Y                                 0.75    0.91   -0.16 (VIOLATED)
_343_/B1                                0.75    0.87   -0.12 (VIOLATED)
_340_/A_N                               0.75    0.87   -0.12 (VIOLATED)
_339_/Y                                 0.75    0.87   -0.12 (VIOLATED)
_320_/A1                                0.75    0.81   -0.06 (VIOLATED)
_206_/A                                 0.75    0.81   -0.06 (VIOLATED)
_204_/Y                                 0.75    0.81   -0.06 (VIOLATED)
_282_/B1                                0.75    0.80   -0.05 (VIOLATED)
_218_/A                                 0.75    0.80   -0.05 (VIOLATED)
_216_/Y                                 0.75    0.80   -0.05 (VIOLATED)
_301_/A1                                0.75    0.77   -0.02 (VIOLATED)
_290_/A1                                0.75    0.77   -0.02 (VIOLATED)
_311_/B                                 0.75    0.77   -0.02 (VIOLATED)
_345_/A2                                0.75    0.77   -0.02 (VIOLATED)
_335_/B2                                0.75    0.77   -0.02 (VIOLATED)
_303_/A                                 0.75    0.77   -0.02 (VIOLATED)
_320_/B1                                0.75    0.77   -0.02 (VIOLATED)
_267_/A1                                0.75    0.77   -0.02 (VIOLATED)
_172_/Y                                 0.75    0.77   -0.02 (VIOLATED)
_253_/B                                 0.75    0.75   -0.00 (VIOLATED)
_254_/B                                 0.75    0.75   -0.00 (VIOLATED)
_252_/Y                                 0.75    0.75   -0.00 (VIOLATED)


max slew violations count Slowest: 36
max fanout violations count Slowest: 0
max cap violations count Slowest: 0
======================= Typical Corner ===================================


max slew violations count Typical: 0
max fanout violations count Typical: 0
max cap violations count Typical: 0

===========================================================================
report_parasitic_annotation -report_unannotated
============================================================================
Found 0 unannotated drivers.
Found 0 partially unannotated drivers.

===========================================================================
max slew violation count 36
max fanout violation count 0
max cap violation count 0
============================================================================

===========================================================================
check_setup -verbose -unconstrained_endpoints -multiple_clock -no_clock -no_input_delay -loops -generated_clocks
===========================================================================
